Component: ARM Compiler 5.06 update 5 (build 528) Tool: armlink [4d35e2]

==============================================================================

Section Cross References

    startup_stm32f10x_hd.o(RESET) refers to startup_stm32f10x_hd.o(STACK) for __initial_sp
    startup_stm32f10x_hd.o(RESET) refers to startup_stm32f10x_hd.o(.text) for Reset_Handler
    startup_stm32f10x_hd.o(RESET) refers to stm32f10x_it.o(.text) for NMI_Handler
    startup_stm32f10x_hd.o(.text) refers to system_stm32f10x.o(.text) for SystemInit
    startup_stm32f10x_hd.o(.text) refers to entry.o(.ARM.Collect$$$$00000000) for __main
    system_stm32f10x.o(.text) refers to system_stm32f10x.o(.data) for SystemCoreClock
    stm32f10x_adc.o(.text) refers to stm32f10x_rcc.o(.text) for RCC_APB2PeriphResetCmd
    stm32f10x_bkp.o(.text) refers to stm32f10x_rcc.o(.text) for RCC_BackupResetCmd
    stm32f10x_can.o(.text) refers to stm32f10x_rcc.o(.text) for RCC_APB1PeriphResetCmd
    stm32f10x_cec.o(.text) refers to stm32f10x_rcc.o(.text) for RCC_APB1PeriphResetCmd
    stm32f10x_dac.o(.text) refers to stm32f10x_rcc.o(.text) for RCC_APB1PeriphResetCmd
    stm32f10x_gpio.o(.text) refers to stm32f10x_rcc.o(.text) for RCC_APB2PeriphResetCmd
    stm32f10x_i2c.o(.text) refers to stm32f10x_rcc.o(.text) for RCC_APB1PeriphResetCmd
    stm32f10x_pwr.o(.text) refers to stm32f10x_rcc.o(.text) for RCC_APB1PeriphResetCmd
    stm32f10x_rcc.o(.text) refers to stm32f10x_rcc.o(.data) for APBAHBPrescTable
    stm32f10x_spi.o(.text) refers to stm32f10x_rcc.o(.text) for RCC_APB2PeriphResetCmd
    stm32f10x_tim.o(.text) refers to stm32f10x_rcc.o(.text) for RCC_APB2PeriphResetCmd
    stm32f10x_usart.o(.text) refers to stm32f10x_rcc.o(.text) for RCC_APB2PeriphResetCmd
    stm32f10x_wwdg.o(.text) refers to stm32f10x_rcc.o(.text) for RCC_APB1PeriphResetCmd
    main.o(.text) refers to bsp_usart1.o(.text) for USARTx_Config
    main.o(.text) refers to bsp_systick.o(.text) for SysTick_Init
    main.o(.text) refers to bsp_esp8266.o(.text) for ESP8266_Init
    main.o(.text) refers to bsp_dht11.o(.text) for DHT11_Init
    main.o(.text) refers to bsp_led.o(.text) for LED_Init
    main.o(.text) refers to bsp_beep.o(.text) for Beep_Init
    main.o(.text) refers to fatfs_flash_spi.o(.text) for FLASH_SPI_initialize
    main.o(.text) refers to bsp_spi.o(.text) for elink_spi_gpio_config
    main.o(.text) refers to bsp_elink.o(.text) for elink_gpio_config
    main.o(.text) refers to halldisplay.o(.text) for ELINK042_DispString_EN_CH
    main.o(.text) refers to printf4.o(i.__0printf$4) for __2printf
    main.o(.text) refers to hallwifi.o(.text) for ESP8266_StaTcpClient_UnvarnishTest
    hallcommon.o(.text) refers to stm32f10x_usart.o(.text) for USART_SendData
    hallwifi.o(.text) refers to memseta.o(.text) for __aeabi_memclr4
    hallwifi.o(.text) refers to printf4.o(i.__0printf$4) for __2printf
    hallwifi.o(.text) refers to stm32f10x_gpio.o(.text) for GPIO_SetBits
    hallwifi.o(.text) refers to bsp_esp8266.o(.text) for ESP8266_AT_Test
    hallwifi.o(.text) refers to stm32f10x_usart.o(.text) for USART_ITConfig
    hallwifi.o(.text) refers to strstr.o(.text) for strstr
    hallwifi.o(.text) refers to printf4.o(i.__0sprintf$4) for __2sprintf
    hallwifi.o(.text) refers to memcpya.o(.text) for __aeabi_memcpy
    hallwifi.o(.text) refers to bsp_dht11.o(.text) for DHT11_Read_TempAndHumidity
    hallwifi.o(.text) refers to strlen.o(.text) for strlen
    hallwifi.o(.text) refers to hallwifi.o(.constdata) for __FUNCTION__
    hallwifi.o(.text) refers to hallwifi.o(.conststring) for .conststring
    hallwifi.o(.text) refers to bsp_esp8266.o(.bss) for strEsp8266_Fram_Record
    halldisplay.o(.text) refers to bsp_elink.o(.text) for partial_display
    halldisplay.o(.text) refers to memseta.o(.text) for __aeabi_memclr4
    halldisplay.o(.text) refers to fatfs_flash_spi.o(.text) for GetGBKCode_from_EXFlash
    halldisplay.o(.text) refers to bsp_spi.o(.text) for SPI4W_WRITECOM
    halldisplay.o(.text) refers to printf4.o(i.__0printf$4) for __2printf
    halldisplay.o(.text) refers to halldisplay.o(.constdata) for ucAscii_1608
    halldisplay.o(.text) refers to halldisplay.o(.bss) for OldBufferEN
    stm32f10x_it.o(.text) refers to bsp_systick.o(.text) for TimingDelay_Decrement
    stm32f10x_it.o(.text) refers to stm32f10x_usart.o(.text) for USART_GetITStatus
    stm32f10x_it.o(.text) refers to bsp_esp8266.o(.bss) for strEsp8266_Fram_Record
    bsp_beep.o(.text) refers to stm32f10x_rcc.o(.text) for RCC_APB2PeriphClockCmd
    bsp_beep.o(.text) refers to stm32f10x_gpio.o(.text) for GPIO_Init
    bsp_esp8266.o(.text) refers to misc.o(.text) for NVIC_PriorityGroupConfig
    bsp_esp8266.o(.text) refers to stm32f10x_rcc.o(.text) for RCC_APB1PeriphClockCmd
    bsp_esp8266.o(.text) refers to stm32f10x_gpio.o(.text) for GPIO_Init
    bsp_esp8266.o(.text) refers to stm32f10x_usart.o(.text) for USART_Init
    bsp_esp8266.o(.text) refers to bsp_systick.o(.text) for Delay_us
    bsp_esp8266.o(.text) refers to hallcommon.o(.text) for USART_printf
    bsp_esp8266.o(.text) refers to printf4.o(i.__0printf$4) for __2printf
    bsp_esp8266.o(.text) refers to strstr.o(.text) for strstr
    bsp_esp8266.o(.text) refers to printf4.o(i.__0sprintf$4) for __2sprintf
    bsp_esp8266.o(.text) refers to memseta.o(.text) for __aeabi_memclr4
    bsp_esp8266.o(.text) refers to bsp_esp8266.o(.bss) for strEsp8266_Fram_Record
    bsp_esp8266.o(.text) refers to bsp_esp8266.o(.constdata) for __FUNCTION__
    bsp_dht11.o(.text) refers to stm32f10x_rcc.o(.text) for RCC_APB2PeriphClockCmd
    bsp_dht11.o(.text) refers to stm32f10x_gpio.o(.text) for GPIO_Init
    bsp_dht11.o(.text) refers to bsp_systick.o(.text) for Delay_us
    bsp_gpio.o(.text) refers to stm32f10x_rcc.o(.text) for RCC_APB2PeriphClockCmd
    bsp_gpio.o(.text) refers to stm32f10x_gpio.o(.text) for GPIO_Init
    bsp_led.o(.text) refers to stm32f10x_rcc.o(.text) for RCC_APB2PeriphClockCmd
    bsp_led.o(.text) refers to stm32f10x_gpio.o(.text) for GPIO_Init
    bsp_systick.o(.text) refers to system_stm32f10x.o(.data) for SystemCoreClock
    bsp_systick.o(.text) refers to bsp_systick.o(.data) for TimingDelay
    bsp_usart1.o(.text) refers to stm32f10x_rcc.o(.text) for RCC_APB2PeriphClockCmd
    bsp_usart1.o(.text) refers to stm32f10x_gpio.o(.text) for GPIO_Init
    bsp_usart1.o(.text) refers to stm32f10x_usart.o(.text) for USART_Init
    bsp_spi.o(.text) refers to stm32f10x_rcc.o(.text) for RCC_APB2PeriphClockCmd
    bsp_spi.o(.text) refers to stm32f10x_gpio.o(.text) for GPIO_Init
    bsp_spi.o(.text) refers to bsp_systick.o(.text) for Delay_us
    bsp_elink.o(.text) refers to stm32f10x_rcc.o(.text) for RCC_APB2PeriphClockCmd
    bsp_elink.o(.text) refers to stm32f10x_gpio.o(.text) for GPIO_Init
    bsp_elink.o(.text) refers to bsp_systick.o(.text) for Delay_us
    bsp_elink.o(.text) refers to bsp_spi.o(.text) for SPI4W_WRITECOM
    bsp_elink.o(.text) refers to printf4.o(i.__0printf$4) for __2printf
    bsp_elink.o(.text) refers to bsp_elink.o(.constdata) for __FUNCTION__
    fatfs_flash_spi.o(.text) refers to printf4.o(i.__0printf$4) for __2printf
    fatfs_flash_spi.o(.text) refers to stm32f10x_spi.o(.text) for SPI_I2S_GetFlagStatus
    fatfs_flash_spi.o(.text) refers to stm32f10x_gpio.o(.text) for GPIO_ResetBits
    fatfs_flash_spi.o(.text) refers to stm32f10x_rcc.o(.text) for RCC_APB2PeriphClockCmd
    fatfs_flash_spi.o(.text) refers to fatfs_flash_spi.o(.data) for SPITimeout
    entry.o(.ARM.Collect$$$$00000000) refers (Special) to entry10a.o(.ARM.Collect$$$$0000000D) for __rt_final_cpp
    entry.o(.ARM.Collect$$$$00000000) refers (Special) to entry11a.o(.ARM.Collect$$$$0000000F) for __rt_final_exit
    entry.o(.ARM.Collect$$$$00000000) refers (Special) to entry7b.o(.ARM.Collect$$$$00000008) for _main_clock
    entry.o(.ARM.Collect$$$$00000000) refers (Special) to entry8b.o(.ARM.Collect$$$$0000000A) for _main_cpp_init
    entry.o(.ARM.Collect$$$$00000000) refers (Special) to entry9a.o(.ARM.Collect$$$$0000000B) for _main_init
    entry.o(.ARM.Collect$$$$00000000) refers (Special) to entry5.o(.ARM.Collect$$$$00000004) for _main_scatterload
    entry.o(.ARM.Collect$$$$00000000) refers (Special) to entry2.o(.ARM.Collect$$$$00000001) for _main_stk
    printfb.o(i.__0fprintf$bare) refers to printfb.o(i._printf_core) for _printf_core
    printfb.o(i.__0fprintf$bare) refers to bsp_usart1.o(.text) for fputc
    printfb.o(i.__0printf$bare) refers to printfb.o(i._printf_core) for _printf_core
    printfb.o(i.__0printf$bare) refers to bsp_usart1.o(.text) for fputc
    printfb.o(i.__0printf$bare) refers to stdout.o(.data) for __stdout
    printfb.o(i.__0snprintf$bare) refers to printfb.o(i._printf_core) for _printf_core
    printfb.o(i.__0snprintf$bare) refers to printfb.o(i._snputc) for _snputc
    printfb.o(i.__0sprintf$bare) refers to printfb.o(i._printf_core) for _printf_core
    printfb.o(i.__0sprintf$bare) refers to printfb.o(i._sputc) for _sputc
    printfb.o(i.__0vfprintf$bare) refers to printfb.o(i._printf_core) for _printf_core
    printfb.o(i.__0vfprintf$bare) refers to bsp_usart1.o(.text) for fputc
    printfb.o(i.__0vprintf$bare) refers to printfb.o(i._printf_core) for _printf_core
    printfb.o(i.__0vprintf$bare) refers to bsp_usart1.o(.text) for fputc
    printfb.o(i.__0vprintf$bare) refers to stdout.o(.data) for __stdout
    printfb.o(i.__0vsnprintf$bare) refers to printfb.o(i._printf_core) for _printf_core
    printfb.o(i.__0vsnprintf$bare) refers to printfb.o(i._snputc) for _snputc
    printfb.o(i.__0vsprintf$bare) refers to printfb.o(i._printf_core) for _printf_core
    printfb.o(i.__0vsprintf$bare) refers to printfb.o(i._sputc) for _sputc
    printf0.o(i.__0fprintf$0) refers to printf0.o(i._printf_core) for _printf_core
    printf0.o(i.__0fprintf$0) refers to bsp_usart1.o(.text) for fputc
    printf0.o(i.__0printf$0) refers to printf0.o(i._printf_core) for _printf_core
    printf0.o(i.__0printf$0) refers to bsp_usart1.o(.text) for fputc
    printf0.o(i.__0printf$0) refers to stdout.o(.data) for __stdout
    printf0.o(i.__0snprintf$0) refers to printf0.o(i._printf_core) for _printf_core
    printf0.o(i.__0snprintf$0) refers to printf0.o(i._snputc) for _snputc
    printf0.o(i.__0sprintf$0) refers to printf0.o(i._printf_core) for _printf_core
    printf0.o(i.__0sprintf$0) refers to printf0.o(i._sputc) for _sputc
    printf0.o(i.__0vfprintf$0) refers to printf0.o(i._printf_core) for _printf_core
    printf0.o(i.__0vfprintf$0) refers to bsp_usart1.o(.text) for fputc
    printf0.o(i.__0vprintf$0) refers to printf0.o(i._printf_core) for _printf_core
    printf0.o(i.__0vprintf$0) refers to bsp_usart1.o(.text) for fputc
    printf0.o(i.__0vprintf$0) refers to stdout.o(.data) for __stdout
    printf0.o(i.__0vsnprintf$0) refers to printf0.o(i._printf_core) for _printf_core
    printf0.o(i.__0vsnprintf$0) refers to printf0.o(i._snputc) for _snputc
    printf0.o(i.__0vsprintf$0) refers to printf0.o(i._printf_core) for _printf_core
    printf0.o(i.__0vsprintf$0) refers to printf0.o(i._sputc) for _sputc
    printf1.o(i.__0fprintf$1) refers to printf1.o(i._printf_core) for _printf_core
    printf1.o(i.__0fprintf$1) refers to bsp_usart1.o(.text) for fputc
    printf1.o(i.__0printf$1) refers to printf1.o(i._printf_core) for _printf_core
    printf1.o(i.__0printf$1) refers to bsp_usart1.o(.text) for fputc
    printf1.o(i.__0printf$1) refers to stdout.o(.data) for __stdout
    printf1.o(i.__0snprintf$1) refers to printf1.o(i._printf_core) for _printf_core
    printf1.o(i.__0snprintf$1) refers to printf1.o(i._snputc) for _snputc
    printf1.o(i.__0sprintf$1) refers to printf1.o(i._printf_core) for _printf_core
    printf1.o(i.__0sprintf$1) refers to printf1.o(i._sputc) for _sputc
    printf1.o(i.__0vfprintf$1) refers to printf1.o(i._printf_core) for _printf_core
    printf1.o(i.__0vfprintf$1) refers to bsp_usart1.o(.text) for fputc
    printf1.o(i.__0vprintf$1) refers to printf1.o(i._printf_core) for _printf_core
    printf1.o(i.__0vprintf$1) refers to bsp_usart1.o(.text) for fputc
    printf1.o(i.__0vprintf$1) refers to stdout.o(.data) for __stdout
    printf1.o(i.__0vsnprintf$1) refers to printf1.o(i._printf_core) for _printf_core
    printf1.o(i.__0vsnprintf$1) refers to printf1.o(i._snputc) for _snputc
    printf1.o(i.__0vsprintf$1) refers to printf1.o(i._printf_core) for _printf_core
    printf1.o(i.__0vsprintf$1) refers to printf1.o(i._sputc) for _sputc
    printf1.o(i._printf_core) refers to uidiv.o(.text) for __aeabi_uidivmod
    printf2.o(i.__0fprintf$2) refers to printf2.o(i._printf_core) for _printf_core
    printf2.o(i.__0fprintf$2) refers to bsp_usart1.o(.text) for fputc
    printf2.o(i.__0printf$2) refers to printf2.o(i._printf_core) for _printf_core
    printf2.o(i.__0printf$2) refers to bsp_usart1.o(.text) for fputc
    printf2.o(i.__0printf$2) refers to stdout.o(.data) for __stdout
    printf2.o(i.__0snprintf$2) refers to printf2.o(i._printf_core) for _printf_core
    printf2.o(i.__0snprintf$2) refers to printf2.o(i._snputc) for _snputc
    printf2.o(i.__0sprintf$2) refers to printf2.o(i._printf_core) for _printf_core
    printf2.o(i.__0sprintf$2) refers to printf2.o(i._sputc) for _sputc
    printf2.o(i.__0vfprintf$2) refers to printf2.o(i._printf_core) for _printf_core
    printf2.o(i.__0vfprintf$2) refers to bsp_usart1.o(.text) for fputc
    printf2.o(i.__0vprintf$2) refers to printf2.o(i._printf_core) for _printf_core
    printf2.o(i.__0vprintf$2) refers to bsp_usart1.o(.text) for fputc
    printf2.o(i.__0vprintf$2) refers to stdout.o(.data) for __stdout
    printf2.o(i.__0vsnprintf$2) refers to printf2.o(i._printf_core) for _printf_core
    printf2.o(i.__0vsnprintf$2) refers to printf2.o(i._snputc) for _snputc
    printf2.o(i.__0vsprintf$2) refers to printf2.o(i._printf_core) for _printf_core
    printf2.o(i.__0vsprintf$2) refers to printf2.o(i._sputc) for _sputc
    printf3.o(i.__0fprintf$3) refers to printf3.o(i._printf_core) for _printf_core
    printf3.o(i.__0fprintf$3) refers to bsp_usart1.o(.text) for fputc
    printf3.o(i.__0printf$3) refers to printf3.o(i._printf_core) for _printf_core
    printf3.o(i.__0printf$3) refers to bsp_usart1.o(.text) for fputc
    printf3.o(i.__0printf$3) refers to stdout.o(.data) for __stdout
    printf3.o(i.__0snprintf$3) refers to printf3.o(i._printf_core) for _printf_core
    printf3.o(i.__0snprintf$3) refers to printf3.o(i._snputc) for _snputc
    printf3.o(i.__0sprintf$3) refers to printf3.o(i._printf_core) for _printf_core
    printf3.o(i.__0sprintf$3) refers to printf3.o(i._sputc) for _sputc
    printf3.o(i.__0vfprintf$3) refers to printf3.o(i._printf_core) for _printf_core
    printf3.o(i.__0vfprintf$3) refers to bsp_usart1.o(.text) for fputc
    printf3.o(i.__0vprintf$3) refers to printf3.o(i._printf_core) for _printf_core
    printf3.o(i.__0vprintf$3) refers to bsp_usart1.o(.text) for fputc
    printf3.o(i.__0vprintf$3) refers to stdout.o(.data) for __stdout
    printf3.o(i.__0vsnprintf$3) refers to printf3.o(i._printf_core) for _printf_core
    printf3.o(i.__0vsnprintf$3) refers to printf3.o(i._snputc) for _snputc
    printf3.o(i.__0vsprintf$3) refers to printf3.o(i._printf_core) for _printf_core
    printf3.o(i.__0vsprintf$3) refers to printf3.o(i._sputc) for _sputc
    printf3.o(i._printf_core) refers to uidiv.o(.text) for __aeabi_uidivmod
    printf4.o(i.__0fprintf$4) refers to printf4.o(i._printf_core) for _printf_core
    printf4.o(i.__0fprintf$4) refers to bsp_usart1.o(.text) for fputc
    printf4.o(i.__0printf$4) refers to printf4.o(i._printf_core) for _printf_core
    printf4.o(i.__0printf$4) refers to bsp_usart1.o(.text) for fputc
    printf4.o(i.__0printf$4) refers to stdout.o(.data) for __stdout
    printf4.o(i.__0snprintf$4) refers to printf4.o(i._printf_core) for _printf_core
    printf4.o(i.__0snprintf$4) refers to printf4.o(i._snputc) for _snputc
    printf4.o(i.__0sprintf$4) refers to printf4.o(i._printf_core) for _printf_core
    printf4.o(i.__0sprintf$4) refers to printf4.o(i._sputc) for _sputc
    printf4.o(i.__0vfprintf$4) refers to printf4.o(i._printf_core) for _printf_core
    printf4.o(i.__0vfprintf$4) refers to bsp_usart1.o(.text) for fputc
    printf4.o(i.__0vprintf$4) refers to printf4.o(i._printf_core) for _printf_core
    printf4.o(i.__0vprintf$4) refers to bsp_usart1.o(.text) for fputc
    printf4.o(i.__0vprintf$4) refers to stdout.o(.data) for __stdout
    printf4.o(i.__0vsnprintf$4) refers to printf4.o(i._printf_core) for _printf_core
    printf4.o(i.__0vsnprintf$4) refers to printf4.o(i._snputc) for _snputc
    printf4.o(i.__0vsprintf$4) refers to printf4.o(i._printf_core) for _printf_core
    printf4.o(i.__0vsprintf$4) refers to printf4.o(i._sputc) for _sputc
    printf4.o(i._printf_core) refers to uldiv.o(.text) for __aeabi_uldivmod
    printf5.o(i.__0fprintf$5) refers to printf5.o(i._printf_core) for _printf_core
    printf5.o(i.__0fprintf$5) refers to bsp_usart1.o(.text) for fputc
    printf5.o(i.__0printf$5) refers to printf5.o(i._printf_core) for _printf_core
    printf5.o(i.__0printf$5) refers to bsp_usart1.o(.text) for fputc
    printf5.o(i.__0printf$5) refers to stdout.o(.data) for __stdout
    printf5.o(i.__0snprintf$5) refers to printf5.o(i._printf_core) for _printf_core
    printf5.o(i.__0snprintf$5) refers to printf5.o(i._snputc) for _snputc
    printf5.o(i.__0sprintf$5) refers to printf5.o(i._printf_core) for _printf_core
    printf5.o(i.__0sprintf$5) refers to printf5.o(i._sputc) for _sputc
    printf5.o(i.__0vfprintf$5) refers to printf5.o(i._printf_core) for _printf_core
    printf5.o(i.__0vfprintf$5) refers to bsp_usart1.o(.text) for fputc
    printf5.o(i.__0vprintf$5) refers to printf5.o(i._printf_core) for _printf_core
    printf5.o(i.__0vprintf$5) refers to bsp_usart1.o(.text) for fputc
    printf5.o(i.__0vprintf$5) refers to stdout.o(.data) for __stdout
    printf5.o(i.__0vsnprintf$5) refers to printf5.o(i._printf_core) for _printf_core
    printf5.o(i.__0vsnprintf$5) refers to printf5.o(i._snputc) for _snputc
    printf5.o(i.__0vsprintf$5) refers to printf5.o(i._printf_core) for _printf_core
    printf5.o(i.__0vsprintf$5) refers to printf5.o(i._sputc) for _sputc
    printf5.o(i._printf_core) refers to uldiv.o(.text) for __aeabi_uldivmod
    printf6.o(i.__0fprintf$6) refers to printf6.o(i._printf_core) for _printf_core
    printf6.o(i.__0fprintf$6) refers to bsp_usart1.o(.text) for fputc
    printf6.o(i.__0printf$6) refers to printf6.o(i._printf_core) for _printf_core
    printf6.o(i.__0printf$6) refers to bsp_usart1.o(.text) for fputc
    printf6.o(i.__0printf$6) refers to stdout.o(.data) for __stdout
    printf6.o(i.__0snprintf$6) refers to printf6.o(i._printf_core) for _printf_core
    printf6.o(i.__0snprintf$6) refers to printf6.o(i._snputc) for _snputc
    printf6.o(i.__0sprintf$6) refers to printf6.o(i._printf_core) for _printf_core
    printf6.o(i.__0sprintf$6) refers to printf6.o(i._sputc) for _sputc
    printf6.o(i.__0vfprintf$6) refers to printf6.o(i._printf_core) for _printf_core
    printf6.o(i.__0vfprintf$6) refers to bsp_usart1.o(.text) for fputc
    printf6.o(i.__0vprintf$6) refers to printf6.o(i._printf_core) for _printf_core
    printf6.o(i.__0vprintf$6) refers to bsp_usart1.o(.text) for fputc
    printf6.o(i.__0vprintf$6) refers to stdout.o(.data) for __stdout
    printf6.o(i.__0vsnprintf$6) refers to printf6.o(i._printf_core) for _printf_core
    printf6.o(i.__0vsnprintf$6) refers to printf6.o(i._snputc) for _snputc
    printf6.o(i.__0vsprintf$6) refers to printf6.o(i._printf_core) for _printf_core
    printf6.o(i.__0vsprintf$6) refers to printf6.o(i._sputc) for _sputc
    printf6.o(i._printf_core) refers to printf6.o(i._printf_pre_padding) for _printf_pre_padding
    printf6.o(i._printf_core) refers to uidiv.o(.text) for __aeabi_uidivmod
    printf6.o(i._printf_core) refers to printf6.o(i._printf_post_padding) for _printf_post_padding
    printf7.o(i.__0fprintf$7) refers to printf7.o(i._printf_core) for _printf_core
    printf7.o(i.__0fprintf$7) refers to bsp_usart1.o(.text) for fputc
    printf7.o(i.__0printf$7) refers to printf7.o(i._printf_core) for _printf_core
    printf7.o(i.__0printf$7) refers to bsp_usart1.o(.text) for fputc
    printf7.o(i.__0printf$7) refers to stdout.o(.data) for __stdout
    printf7.o(i.__0snprintf$7) refers to printf7.o(i._printf_core) for _printf_core
    printf7.o(i.__0snprintf$7) refers to printf7.o(i._snputc) for _snputc
    printf7.o(i.__0sprintf$7) refers to printf7.o(i._printf_core) for _printf_core
    printf7.o(i.__0sprintf$7) refers to printf7.o(i._sputc) for _sputc
    printf7.o(i.__0vfprintf$7) refers to printf7.o(i._printf_core) for _printf_core
    printf7.o(i.__0vfprintf$7) refers to bsp_usart1.o(.text) for fputc
    printf7.o(i.__0vprintf$7) refers to printf7.o(i._printf_core) for _printf_core
    printf7.o(i.__0vprintf$7) refers to bsp_usart1.o(.text) for fputc
    printf7.o(i.__0vprintf$7) refers to stdout.o(.data) for __stdout
    printf7.o(i.__0vsnprintf$7) refers to printf7.o(i._printf_core) for _printf_core
    printf7.o(i.__0vsnprintf$7) refers to printf7.o(i._snputc) for _snputc
    printf7.o(i.__0vsprintf$7) refers to printf7.o(i._printf_core) for _printf_core
    printf7.o(i.__0vsprintf$7) refers to printf7.o(i._sputc) for _sputc
    printf7.o(i._printf_core) refers to printf7.o(i._printf_pre_padding) for _printf_pre_padding
    printf7.o(i._printf_core) refers to uldiv.o(.text) for __aeabi_uldivmod
    printf7.o(i._printf_core) refers to printf7.o(i._printf_post_padding) for _printf_post_padding
    printf8.o(i.__0fprintf$8) refers to printf8.o(i._printf_core) for _printf_core
    printf8.o(i.__0fprintf$8) refers to bsp_usart1.o(.text) for fputc
    printf8.o(i.__0printf$8) refers to printf8.o(i._printf_core) for _printf_core
    printf8.o(i.__0printf$8) refers to bsp_usart1.o(.text) for fputc
    printf8.o(i.__0printf$8) refers to stdout.o(.data) for __stdout
    printf8.o(i.__0snprintf$8) refers to printf8.o(i._printf_core) for _printf_core
    printf8.o(i.__0snprintf$8) refers to printf8.o(i._snputc) for _snputc
    printf8.o(i.__0sprintf$8) refers to printf8.o(i._printf_core) for _printf_core
    printf8.o(i.__0sprintf$8) refers to printf8.o(i._sputc) for _sputc
    printf8.o(i.__0vfprintf$8) refers to printf8.o(i._printf_core) for _printf_core
    printf8.o(i.__0vfprintf$8) refers to bsp_usart1.o(.text) for fputc
    printf8.o(i.__0vprintf$8) refers to printf8.o(i._printf_core) for _printf_core
    printf8.o(i.__0vprintf$8) refers to bsp_usart1.o(.text) for fputc
    printf8.o(i.__0vprintf$8) refers to stdout.o(.data) for __stdout
    printf8.o(i.__0vsnprintf$8) refers to printf8.o(i._printf_core) for _printf_core
    printf8.o(i.__0vsnprintf$8) refers to printf8.o(i._snputc) for _snputc
    printf8.o(i.__0vsprintf$8) refers to printf8.o(i._printf_core) for _printf_core
    printf8.o(i.__0vsprintf$8) refers to printf8.o(i._sputc) for _sputc
    printf8.o(i._printf_core) refers to printf8.o(i._printf_pre_padding) for _printf_pre_padding
    printf8.o(i._printf_core) refers to uldiv.o(.text) for __aeabi_uldivmod
    printf8.o(i._printf_core) refers to printf8.o(i._printf_post_padding) for _printf_post_padding
    printfa.o(i.__0fprintf) refers (Special) to iusefp.o(.text) for __I$use$fp
    printfa.o(i.__0fprintf) refers to printfa.o(i._printf_core) for _printf_core
    printfa.o(i.__0fprintf) refers to bsp_usart1.o(.text) for fputc
    printfa.o(i.__0printf) refers (Special) to iusefp.o(.text) for __I$use$fp
    printfa.o(i.__0printf) refers to printfa.o(i._printf_core) for _printf_core
    printfa.o(i.__0printf) refers to bsp_usart1.o(.text) for fputc
    printfa.o(i.__0printf) refers to stdout.o(.data) for __stdout
    printfa.o(i.__0snprintf) refers (Special) to iusefp.o(.text) for __I$use$fp
    printfa.o(i.__0snprintf) refers to printfa.o(i._printf_core) for _printf_core
    printfa.o(i.__0snprintf) refers to printfa.o(i._snputc) for _snputc
    printfa.o(i.__0sprintf) refers (Special) to iusefp.o(.text) for __I$use$fp
    printfa.o(i.__0sprintf) refers to printfa.o(i._printf_core) for _printf_core
    printfa.o(i.__0sprintf) refers to printfa.o(i._sputc) for _sputc
    printfa.o(i.__0vfprintf) refers (Special) to iusefp.o(.text) for __I$use$fp
    printfa.o(i.__0vfprintf) refers to printfa.o(i._printf_core) for _printf_core
    printfa.o(i.__0vfprintf) refers to bsp_usart1.o(.text) for fputc
    printfa.o(i.__0vprintf) refers (Special) to iusefp.o(.text) for __I$use$fp
    printfa.o(i.__0vprintf) refers to printfa.o(i._printf_core) for _printf_core
    printfa.o(i.__0vprintf) refers to bsp_usart1.o(.text) for fputc
    printfa.o(i.__0vprintf) refers to stdout.o(.data) for __stdout
    printfa.o(i.__0vsnprintf) refers (Special) to iusefp.o(.text) for __I$use$fp
    printfa.o(i.__0vsnprintf) refers to printfa.o(i._printf_core) for _printf_core
    printfa.o(i.__0vsnprintf) refers to printfa.o(i._snputc) for _snputc
    printfa.o(i.__0vsprintf) refers (Special) to iusefp.o(.text) for __I$use$fp
    printfa.o(i.__0vsprintf) refers to printfa.o(i._printf_core) for _printf_core
    printfa.o(i.__0vsprintf) refers to printfa.o(i._sputc) for _sputc
    printfa.o(i._fp_digits) refers (Special) to iusefp.o(.text) for __I$use$fp
    printfa.o(i._fp_digits) refers to dmul.o(.text) for __aeabi_dmul
    printfa.o(i._fp_digits) refers to ddiv.o(.text) for __aeabi_ddiv
    printfa.o(i._fp_digits) refers to cdrcmple.o(.text) for __aeabi_cdrcmple
    printfa.o(i._fp_digits) refers to dadd.o(.text) for __aeabi_dadd
    printfa.o(i._fp_digits) refers to dfixul.o(.text) for __aeabi_d2ulz
    printfa.o(i._fp_digits) refers to uldiv.o(.text) for __aeabi_uldivmod
    printfa.o(i._printf_core) refers (Special) to iusefp.o(.text) for __I$use$fp
    printfa.o(i._printf_core) refers to printfa.o(i._printf_pre_padding) for _printf_pre_padding
    printfa.o(i._printf_core) refers to uldiv.o(.text) for __aeabi_uldivmod
    printfa.o(i._printf_core) refers to printfa.o(i._printf_post_padding) for _printf_post_padding
    printfa.o(i._printf_core) refers to printfa.o(i._fp_digits) for _fp_digits
    printfa.o(i._printf_core) refers to uidiv.o(.text) for __aeabi_uidivmod
    printfa.o(i._printf_post_padding) refers (Special) to iusefp.o(.text) for __I$use$fp
    printfa.o(i._printf_pre_padding) refers (Special) to iusefp.o(.text) for __I$use$fp
    printfa.o(i._snputc) refers (Special) to iusefp.o(.text) for __I$use$fp
    printfa.o(i._sputc) refers (Special) to iusefp.o(.text) for __I$use$fp
    entry2.o(.ARM.Collect$$$$00000001) refers to entry2.o(.ARM.Collect$$$$00002712) for __lit__00000000
    entry2.o(.ARM.Collect$$$$00002712) refers to startup_stm32f10x_hd.o(STACK) for __initial_sp
    entry2.o(__vectab_stack_and_reset_area) refers to startup_stm32f10x_hd.o(STACK) for __initial_sp
    entry2.o(__vectab_stack_and_reset_area) refers to entry.o(.ARM.Collect$$$$00000000) for __main
    entry5.o(.ARM.Collect$$$$00000004) refers to init.o(.text) for __scatterload
    entry9a.o(.ARM.Collect$$$$0000000B) refers to main.o(.text) for main
    entry9b.o(.ARM.Collect$$$$0000000C) refers to main.o(.text) for main
    uldiv.o(.text) refers to llushr.o(.text) for __aeabi_llsr
    uldiv.o(.text) refers to llshl.o(.text) for __aeabi_llsl
    dadd.o(.text) refers to llshl.o(.text) for __aeabi_llsl
    dadd.o(.text) refers to llsshr.o(.text) for __aeabi_lasr
    dadd.o(.text) refers to depilogue.o(.text) for _double_epilogue
    dmul.o(.text) refers to depilogue.o(.text) for _double_epilogue
    ddiv.o(.text) refers to depilogue.o(.text) for _double_round
    dfixul.o(.text) refers to llushr.o(.text) for __aeabi_llsr
    dfixul.o(.text) refers to llshl.o(.text) for __aeabi_llsl
    init.o(.text) refers to entry5.o(.ARM.Collect$$$$00000004) for __main_after_scatterload
    depilogue.o(.text) refers to llshl.o(.text) for __aeabi_llsl
    depilogue.o(.text) refers to llushr.o(.text) for __aeabi_llsr


==============================================================================

Removing Unused input sections from the image.

    Removing startup_stm32f10x_hd.o(HEAP), (512 bytes).
    Removing core_cm3.o(.emb_text), (32 bytes).
    Removing stm32f10x_adc.o(.text), (1102 bytes).
    Removing stm32f10x_bkp.o(.text), (196 bytes).
    Removing stm32f10x_can.o(.text), (2544 bytes).
    Removing stm32f10x_cec.o(.text), (288 bytes).
    Removing stm32f10x_crc.o(.text), (72 bytes).
    Removing stm32f10x_dac.o(.text), (396 bytes).
    Removing stm32f10x_dbgmcu.o(.text), (48 bytes).
    Removing stm32f10x_dma.o(.text), (596 bytes).
    Removing stm32f10x_exti.o(.text), (284 bytes).
    Removing stm32f10x_flash.o(.text), (1468 bytes).
    Removing stm32f10x_fsmc.o(.text), (1548 bytes).
    Removing stm32f10x_i2c.o(.text), (1028 bytes).
    Removing stm32f10x_iwdg.o(.text), (64 bytes).
    Removing stm32f10x_pwr.o(.text), (204 bytes).
    Removing stm32f10x_rtc.o(.text), (328 bytes).
    Removing stm32f10x_sdio.o(.text), (468 bytes).
    Removing stm32f10x_tim.o(.text), (3610 bytes).
    Removing stm32f10x_wwdg.o(.text), (136 bytes).
    Removing bsp_gpio.o(.text), (60 bytes).
    Removing fatfs_flash_spi.o(.constdata), (21 bytes).
    Removing dadd.o(.text), (334 bytes).
    Removing dmul.o(.text), (228 bytes).
    Removing ddiv.o(.text), (222 bytes).
    Removing dfixul.o(.text), (48 bytes).
    Removing cdrcmple.o(.text), (48 bytes).
    Removing depilogue.o(.text), (186 bytes).

28 unused section(s) (total 16071 bytes) removed from the image.

==============================================================================

Image Symbol Table

    Local Symbols

    Symbol Name                              Value     Ov Type        Size  Object(Section)

    ../clib/microlib/division.c              0x00000000   Number         0  uldiv.o ABSOLUTE
    ../clib/microlib/division.c              0x00000000   Number         0  uidiv.o ABSOLUTE
    ../clib/microlib/init/entry.s            0x00000000   Number         0  entry10a.o ABSOLUTE
    ../clib/microlib/init/entry.s            0x00000000   Number         0  entry2.o ABSOLUTE
    ../clib/microlib/init/entry.s            0x00000000   Number         0  entry10b.o ABSOLUTE
    ../clib/microlib/init/entry.s            0x00000000   Number         0  entry11a.o ABSOLUTE
    ../clib/microlib/init/entry.s            0x00000000   Number         0  entry8b.o ABSOLUTE
    ../clib/microlib/init/entry.s            0x00000000   Number         0  entry11b.o ABSOLUTE
    ../clib/microlib/init/entry.s            0x00000000   Number         0  entry9b.o ABSOLUTE
    ../clib/microlib/init/entry.s            0x00000000   Number         0  entry9a.o ABSOLUTE
    ../clib/microlib/init/entry.s            0x00000000   Number         0  entry8a.o ABSOLUTE
    ../clib/microlib/init/entry.s            0x00000000   Number         0  entry7b.o ABSOLUTE
    ../clib/microlib/init/entry.s            0x00000000   Number         0  entry7a.o ABSOLUTE
    ../clib/microlib/init/entry.s            0x00000000   Number         0  entry5.o ABSOLUTE
    ../clib/microlib/init/entry.s            0x00000000   Number         0  entry.o ABSOLUTE
    ../clib/microlib/longlong.c              0x00000000   Number         0  llshl.o ABSOLUTE
    ../clib/microlib/longlong.c              0x00000000   Number         0  llushr.o ABSOLUTE
    ../clib/microlib/longlong.c              0x00000000   Number         0  llsshr.o ABSOLUTE
    ../clib/microlib/printf/printf.c         0x00000000   Number         0  printf5.o ABSOLUTE
    ../clib/microlib/printf/printf.c         0x00000000   Number         0  printf4.o ABSOLUTE
    ../clib/microlib/printf/printf.c         0x00000000   Number         0  printf3.o ABSOLUTE
    ../clib/microlib/printf/printf.c         0x00000000   Number         0  printf2.o ABSOLUTE
    ../clib/microlib/printf/printf.c         0x00000000   Number         0  printf0.o ABSOLUTE
    ../clib/microlib/printf/printf.c         0x00000000   Number         0  printfb.o ABSOLUTE
    ../clib/microlib/printf/printf.c         0x00000000   Number         0  printfa.o ABSOLUTE
    ../clib/microlib/printf/printf.c         0x00000000   Number         0  printf8.o ABSOLUTE
    ../clib/microlib/printf/printf.c         0x00000000   Number         0  printf7.o ABSOLUTE
    ../clib/microlib/printf/printf.c         0x00000000   Number         0  printf1.o ABSOLUTE
    ../clib/microlib/printf/printf.c         0x00000000   Number         0  printf6.o ABSOLUTE
    ../clib/microlib/printf/stubs.s          0x00000000   Number         0  stubs.o ABSOLUTE
    ../clib/microlib/stdio/streams.c         0x00000000   Number         0  stdout.o ABSOLUTE
    ../clib/microlib/string/memcpy.c         0x00000000   Number         0  memcpyb.o ABSOLUTE
    ../clib/microlib/string/memcpy.c         0x00000000   Number         0  memcpya.o ABSOLUTE
    ../clib/microlib/string/memset.c         0x00000000   Number         0  memseta.o ABSOLUTE
    ../clib/microlib/string/strlen.c         0x00000000   Number         0  strlen.o ABSOLUTE
    ../clib/microlib/string/strstr.c         0x00000000   Number         0  strstr.o ABSOLUTE
    ../clib/microlib/stubs.s                 0x00000000   Number         0  iusefp.o ABSOLUTE
    ../fplib/microlib/fpadd.c                0x00000000   Number         0  dadd.o ABSOLUTE
    ../fplib/microlib/fpdiv.c                0x00000000   Number         0  ddiv.o ABSOLUTE
    ../fplib/microlib/fpepilogue.c           0x00000000   Number         0  depilogue.o ABSOLUTE
    ../fplib/microlib/fpfix.c                0x00000000   Number         0  dfixul.o ABSOLUTE
    ../fplib/microlib/fpmul.c                0x00000000   Number         0  dmul.o ABSOLUTE
    ..\..\App\main.c                         0x00000000   Number         0  main.o ABSOLUTE
    ..\..\Driver\beep\bsp_beep.c             0x00000000   Number         0  bsp_beep.o ABSOLUTE
    ..\..\Driver\dht11\bsp_dht11.c           0x00000000   Number         0  bsp_dht11.o ABSOLUTE
    ..\..\Driver\elink042t2\bsp_elink.c      0x00000000   Number         0  bsp_elink.o ABSOLUTE
    ..\..\Driver\esp8266\bsp_esp8266.c       0x00000000   Number         0  bsp_esp8266.o ABSOLUTE
    ..\..\Driver\fatfs\fatfs_flash_spi.c     0x00000000   Number         0  fatfs_flash_spi.o ABSOLUTE
    ..\..\Driver\gpio\bsp_gpio.c             0x00000000   Number         0  bsp_gpio.o ABSOLUTE
    ..\..\Driver\led\bsp_led.c               0x00000000   Number         0  bsp_led.o ABSOLUTE
    ..\..\Driver\spi\bsp_spi.c               0x00000000   Number         0  bsp_spi.o ABSOLUTE
    ..\..\Driver\stm32f10x_it.c              0x00000000   Number         0  stm32f10x_it.o ABSOLUTE
    ..\..\Driver\systick\bsp_SysTick.c       0x00000000   Number         0  bsp_systick.o ABSOLUTE
    ..\..\Driver\usart\bsp_usart1.c          0x00000000   Number         0  bsp_usart1.o ABSOLUTE
    ..\..\Hall\HallCommon\HallCommon.c       0x00000000   Number         0  hallcommon.o ABSOLUTE
    ..\..\Hall\HallDisplay\HallDisplay.c     0x00000000   Number         0  halldisplay.o ABSOLUTE
    ..\..\Hall\HallWIFI\HallWIFI.c           0x00000000   Number         0  hallwifi.o ABSOLUTE
    ..\..\Libraries\CMSIS\core_cm3.c         0x00000000   Number         0  core_cm3.o ABSOLUTE
    ..\..\Libraries\CMSIS\startup\startup_stm32f10x_hd.s 0x00000000   Number         0  startup_stm32f10x_hd.o ABSOLUTE
    ..\..\Libraries\CMSIS\system_stm32f10x.c 0x00000000   Number         0  system_stm32f10x.o ABSOLUTE
    ..\..\Libraries\FWlib\src\misc.c         0x00000000   Number         0  misc.o ABSOLUTE
    ..\..\Libraries\FWlib\src\stm32f10x_adc.c 0x00000000   Number         0  stm32f10x_adc.o ABSOLUTE
    ..\..\Libraries\FWlib\src\stm32f10x_bkp.c 0x00000000   Number         0  stm32f10x_bkp.o ABSOLUTE
    ..\..\Libraries\FWlib\src\stm32f10x_can.c 0x00000000   Number         0  stm32f10x_can.o ABSOLUTE
    ..\..\Libraries\FWlib\src\stm32f10x_cec.c 0x00000000   Number         0  stm32f10x_cec.o ABSOLUTE
    ..\..\Libraries\FWlib\src\stm32f10x_crc.c 0x00000000   Number         0  stm32f10x_crc.o ABSOLUTE
    ..\..\Libraries\FWlib\src\stm32f10x_dac.c 0x00000000   Number         0  stm32f10x_dac.o ABSOLUTE
    ..\..\Libraries\FWlib\src\stm32f10x_dbgmcu.c 0x00000000   Number         0  stm32f10x_dbgmcu.o ABSOLUTE
    ..\..\Libraries\FWlib\src\stm32f10x_dma.c 0x00000000   Number         0  stm32f10x_dma.o ABSOLUTE
    ..\..\Libraries\FWlib\src\stm32f10x_exti.c 0x00000000   Number         0  stm32f10x_exti.o ABSOLUTE
    ..\..\Libraries\FWlib\src\stm32f10x_flash.c 0x00000000   Number         0  stm32f10x_flash.o ABSOLUTE
    ..\..\Libraries\FWlib\src\stm32f10x_fsmc.c 0x00000000   Number         0  stm32f10x_fsmc.o ABSOLUTE
    ..\..\Libraries\FWlib\src\stm32f10x_gpio.c 0x00000000   Number         0  stm32f10x_gpio.o ABSOLUTE
    ..\..\Libraries\FWlib\src\stm32f10x_i2c.c 0x00000000   Number         0  stm32f10x_i2c.o ABSOLUTE
    ..\..\Libraries\FWlib\src\stm32f10x_iwdg.c 0x00000000   Number         0  stm32f10x_iwdg.o ABSOLUTE
    ..\..\Libraries\FWlib\src\stm32f10x_pwr.c 0x00000000   Number         0  stm32f10x_pwr.o ABSOLUTE
    ..\..\Libraries\FWlib\src\stm32f10x_rcc.c 0x00000000   Number         0  stm32f10x_rcc.o ABSOLUTE
    ..\..\Libraries\FWlib\src\stm32f10x_rtc.c 0x00000000   Number         0  stm32f10x_rtc.o ABSOLUTE
    ..\..\Libraries\FWlib\src\stm32f10x_sdio.c 0x00000000   Number         0  stm32f10x_sdio.o ABSOLUTE
    ..\..\Libraries\FWlib\src\stm32f10x_spi.c 0x00000000   Number         0  stm32f10x_spi.o ABSOLUTE
    ..\..\Libraries\FWlib\src\stm32f10x_tim.c 0x00000000   Number         0  stm32f10x_tim.o ABSOLUTE
    ..\..\Libraries\FWlib\src\stm32f10x_usart.c 0x00000000   Number         0  stm32f10x_usart.o ABSOLUTE
    ..\..\Libraries\FWlib\src\stm32f10x_wwdg.c 0x00000000   Number         0  stm32f10x_wwdg.o ABSOLUTE
    ..\\..\\Libraries\\CMSIS\\core_cm3.c     0x00000000   Number         0  core_cm3.o ABSOLUTE
    cdrcmple.s                               0x00000000   Number         0  cdrcmple.o ABSOLUTE
    dc.s                                     0x00000000   Number         0  dc.o ABSOLUTE
    handlers.s                               0x00000000   Number         0  handlers.o ABSOLUTE
    init.s                                   0x00000000   Number         0  init.o ABSOLUTE
    RESET                                    0x08000000   Section      304  startup_stm32f10x_hd.o(RESET)
    .ARM.Collect$$$$00000000                 0x08000130   Section        0  entry.o(.ARM.Collect$$$$00000000)
    .ARM.Collect$$$$00000001                 0x08000130   Section        4  entry2.o(.ARM.Collect$$$$00000001)
    .ARM.Collect$$$$00000004                 0x08000134   Section        4  entry5.o(.ARM.Collect$$$$00000004)
    .ARM.Collect$$$$00000008                 0x08000138   Section        0  entry7b.o(.ARM.Collect$$$$00000008)
    .ARM.Collect$$$$0000000A                 0x08000138   Section        0  entry8b.o(.ARM.Collect$$$$0000000A)
    .ARM.Collect$$$$0000000B                 0x08000138   Section        8  entry9a.o(.ARM.Collect$$$$0000000B)
    .ARM.Collect$$$$0000000D                 0x08000140   Section        0  entry10a.o(.ARM.Collect$$$$0000000D)
    .ARM.Collect$$$$0000000F                 0x08000140   Section        0  entry11a.o(.ARM.Collect$$$$0000000F)
    .ARM.Collect$$$$00002712                 0x08000140   Section        4  entry2.o(.ARM.Collect$$$$00002712)
    __lit__00000000                          0x08000140   Data           4  entry2.o(.ARM.Collect$$$$00002712)
    .text                                    0x08000144   Section       36  startup_stm32f10x_hd.o(.text)
    .text                                    0x08000168   Section        0  system_stm32f10x.o(.text)
    SetSysClockTo72                          0x08000169   Thumb Code   214  system_stm32f10x.o(.text)
    SetSysClock                              0x0800023f   Thumb Code     8  system_stm32f10x.o(.text)
    .text                                    0x08000348   Section        0  misc.o(.text)
    .text                                    0x08000424   Section        0  stm32f10x_gpio.o(.text)
    .text                                    0x08000780   Section        0  stm32f10x_rcc.o(.text)
    .text                                    0x08000b24   Section        0  stm32f10x_spi.o(.text)
    .text                                    0x08000e30   Section        0  stm32f10x_usart.o(.text)
    .text                                    0x08001238   Section        0  main.o(.text)
    .text                                    0x080012ec   Section        0  hallcommon.o(.text)
    itoa                                     0x080012ed   Thumb Code    98  hallcommon.o(.text)
    .text                                    0x08001454   Section        0  hallwifi.o(.text)
    .text                                    0x080017ec   Section        0  halldisplay.o(.text)
    .text                                    0x08001a78   Section        0  stm32f10x_it.o(.text)
    .text                                    0x08001b14   Section        0  bsp_beep.o(.text)
    Beep_GPIO_Config                         0x08001b15   Thumb Code    38  bsp_beep.o(.text)
    .text                                    0x08001b50   Section        0  bsp_esp8266.o(.text)
    ESP8266_USART_NVIC_Configuration         0x08001b51   Thumb Code    40  bsp_esp8266.o(.text)
    ESP8266_USART_Config                     0x08001b79   Thumb Code   148  bsp_esp8266.o(.text)
    ESP8266_GPIO_Config                      0x08001c0d   Thumb Code    64  bsp_esp8266.o(.text)
    .text                                    0x080023e4   Section        0  bsp_dht11.o(.text)
    DHT11_GPIO_Config                        0x080023e5   Thumb Code    38  bsp_dht11.o(.text)
    DHT11_Mode_IPU                           0x0800241b   Thumb Code    24  bsp_dht11.o(.text)
    DHT11_Mode_Out_PP                        0x08002433   Thumb Code    30  bsp_dht11.o(.text)
    DHT11_ReadByte                           0x08002451   Thumb Code    90  bsp_dht11.o(.text)
    .text                                    0x0800254c   Section        0  bsp_led.o(.text)
    LED_GPIO_Config                          0x0800254d   Thumb Code    82  bsp_led.o(.text)
    .text                                    0x080025c4   Section        0  bsp_systick.o(.text)
    .text                                    0x08002678   Section        0  bsp_usart1.o(.text)
    .text                                    0x08002734   Section        0  bsp_spi.o(.text)
    .text                                    0x080028dc   Section        0  bsp_elink.o(.text)
    .text                                    0x08002f54   Section        0  fatfs_flash_spi.o(.text)
    SPI_TIMEOUT_UserCallback                 0x08002f55   Thumb Code    12  fatfs_flash_spi.o(.text)
    .text                                    0x080034e8   Section        0  memcpya.o(.text)
    .text                                    0x0800350c   Section        0  memseta.o(.text)
    .text                                    0x08003530   Section        0  strstr.o(.text)
    .text                                    0x08003554   Section        0  strlen.o(.text)
    .text                                    0x08003562   Section        0  uldiv.o(.text)
    .text                                    0x080035c4   Section       36  init.o(.text)
    .text                                    0x080035e8   Section        0  llshl.o(.text)
    .text                                    0x08003606   Section        0  llushr.o(.text)
    i.__0printf$4                            0x08003628   Section        0  printf4.o(i.__0printf$4)
    i.__0sprintf$4                           0x08003648   Section        0  printf4.o(i.__0sprintf$4)
    i.__scatterload_copy                     0x08003670   Section       14  handlers.o(i.__scatterload_copy)
    i.__scatterload_null                     0x0800367e   Section        2  handlers.o(i.__scatterload_null)
    i.__scatterload_zeroinit                 0x08003680   Section       14  handlers.o(i.__scatterload_zeroinit)
    i._printf_core                           0x08003690   Section        0  printf4.o(i._printf_core)
    _printf_core                             0x08003691   Thumb Code   552  printf4.o(i._printf_core)
    i._sputc                                 0x080038bc   Section        0  printf4.o(i._sputc)
    _sputc                                   0x080038bd   Thumb Code    10  printf4.o(i._sputc)
    .constdata                               0x080038c6   Section       35  hallwifi.o(.constdata)
    __FUNCTION__                             0x080038c6   Data          35  hallwifi.o(.constdata)
    .constdata                               0x080038e9   Section     1546  halldisplay.o(.constdata)
    __FUNCTION__                             0x08003ed9   Data          26  halldisplay.o(.constdata)
    .constdata                               0x08003ef3   Section       31  bsp_esp8266.o(.constdata)
    __FUNCTION__                             0x08003ef3   Data          12  bsp_esp8266.o(.constdata)
    __FUNCTION__                             0x08003eff   Data          19  bsp_esp8266.o(.constdata)
    .constdata                               0x08003f12   Section    59927  bsp_elink.o(.constdata)
    __FUNCTION__                             0x080128ec   Data          26  bsp_elink.o(.constdata)
    __FUNCTION__                             0x08012906   Data          19  bsp_elink.o(.constdata)
    __FUNCTION__                             0x08012919   Data          16  bsp_elink.o(.constdata)
    .conststring                             0x0801292c   Section      187  hallwifi.o(.conststring)
    .data                                    0x20000000   Section       20  system_stm32f10x.o(.data)
    .data                                    0x20000014   Section       20  stm32f10x_rcc.o(.data)
    APBAHBPrescTable                         0x20000014   Data          16  stm32f10x_rcc.o(.data)
    ADCPrescTable                            0x20000024   Data           4  stm32f10x_rcc.o(.data)
    .data                                    0x20000028   Section        4  bsp_systick.o(.data)
    TimingDelay                              0x20000028   Data           4  bsp_systick.o(.data)
    .data                                    0x2000002c   Section        4  fatfs_flash_spi.o(.data)
    SPITimeout                               0x2000002c   Data           4  fatfs_flash_spi.o(.data)
    .data                                    0x20000030   Section        4  stdout.o(.data)
    .bss                                     0x20000034   Section       48  halldisplay.o(.bss)
    .bss                                     0x20000064   Section     1026  bsp_esp8266.o(.bss)
    STACK                                    0x20000468   Section     1024  startup_stm32f10x_hd.o(STACK)

    Global Symbols

    Symbol Name                              Value     Ov Type        Size  Object(Section)

    BuildAttributes$$THM_ISAv4$P$D$K$B$S$PE$A:L22UL41UL21$X:L11$S22US41US21$IEEE1$IW$USESV6$~STKCKD$USESV7$~SHL$OSPACE$ROPI$EBA8$MICROLIB$REQ8$PRES8$EABIv2 0x00000000   Number         0  anon$$obj.o ABSOLUTE
    __ARM_use_no_argv                        0x00000000   Number         0  main.o ABSOLUTE
    _printf_a                                0x00000000   Number         0  stubs.o ABSOLUTE
    _printf_c                                0x00000000   Number         0  stubs.o ABSOLUTE
    _printf_charcount                        0x00000000   Number         0  stubs.o ABSOLUTE
    _printf_d                                0x00000000   Number         0  stubs.o ABSOLUTE
    _printf_e                                0x00000000   Number         0  stubs.o ABSOLUTE
    _printf_f                                0x00000000   Number         0  stubs.o ABSOLUTE
    _printf_flags                            0x00000000   Number         0  stubs.o ABSOLUTE
    _printf_fp_dec                           0x00000000   Number         0  stubs.o ABSOLUTE
    _printf_fp_hex                           0x00000000   Number         0  stubs.o ABSOLUTE
    _printf_g                                0x00000000   Number         0  stubs.o ABSOLUTE
    _printf_i                                0x00000000   Number         0  stubs.o ABSOLUTE
    _printf_int_dec                          0x00000000   Number         0  stubs.o ABSOLUTE
    _printf_l                                0x00000000   Number         0  stubs.o ABSOLUTE
    _printf_lc                               0x00000000   Number         0  stubs.o ABSOLUTE
    _printf_ll                               0x00000000   Number         0  stubs.o ABSOLUTE
    _printf_lld                              0x00000000   Number         0  stubs.o ABSOLUTE
    _printf_lli                              0x00000000   Number         0  stubs.o ABSOLUTE
    _printf_llo                              0x00000000   Number         0  stubs.o ABSOLUTE
    _printf_llu                              0x00000000   Number         0  stubs.o ABSOLUTE
    _printf_llx                              0x00000000   Number         0  stubs.o ABSOLUTE
    _printf_longlong_dec                     0x00000000   Number         0  stubs.o ABSOLUTE
    _printf_longlong_hex                     0x00000000   Number         0  stubs.o ABSOLUTE
    _printf_longlong_oct                     0x00000000   Number         0  stubs.o ABSOLUTE
    _printf_ls                               0x00000000   Number         0  stubs.o ABSOLUTE
    _printf_mbtowc                           0x00000000   Number         0  stubs.o ABSOLUTE
    _printf_n                                0x00000000   Number         0  stubs.o ABSOLUTE
    _printf_o                                0x00000000   Number         0  stubs.o ABSOLUTE
    _printf_p                                0x00000000   Number         0  stubs.o ABSOLUTE
    _printf_percent                          0x00000000   Number         0  stubs.o ABSOLUTE
    _printf_pre_padding                      0x00000000   Number         0  stubs.o ABSOLUTE
    _printf_return_value                     0x00000000   Number         0  stubs.o ABSOLUTE
    _printf_s                                0x00000000   Number         0  stubs.o ABSOLUTE
    _printf_sizespec                         0x00000000   Number         0  stubs.o ABSOLUTE
    _printf_str                              0x00000000   Number         0  stubs.o ABSOLUTE
    _printf_truncate_signed                  0x00000000   Number         0  stubs.o ABSOLUTE
    _printf_truncate_unsigned                0x00000000   Number         0  stubs.o ABSOLUTE
    _printf_u                                0x00000000   Number         0  stubs.o ABSOLUTE
    _printf_wc                               0x00000000   Number         0  stubs.o ABSOLUTE
    _printf_wctomb                           0x00000000   Number         0  stubs.o ABSOLUTE
    _printf_widthprec                        0x00000000   Number         0  stubs.o ABSOLUTE
    _printf_x                                0x00000000   Number         0  stubs.o ABSOLUTE
    __cpp_initialize__aeabi_                  - Undefined Weak Reference
    __cxa_finalize                            - Undefined Weak Reference
    __decompress                              - Undefined Weak Reference
    _clock_init                               - Undefined Weak Reference
    _microlib_exit                            - Undefined Weak Reference
    __Vectors_Size                           0x00000130   Number         0  startup_stm32f10x_hd.o ABSOLUTE
    __Vectors                                0x08000000   Data           4  startup_stm32f10x_hd.o(RESET)
    __Vectors_End                            0x08000130   Data           0  startup_stm32f10x_hd.o(RESET)
    __main                                   0x08000131   Thumb Code     0  entry.o(.ARM.Collect$$$$00000000)
    _main_stk                                0x08000131   Thumb Code     0  entry2.o(.ARM.Collect$$$$00000001)
    _main_scatterload                        0x08000135   Thumb Code     0  entry5.o(.ARM.Collect$$$$00000004)
    __main_after_scatterload                 0x08000139   Thumb Code     0  entry5.o(.ARM.Collect$$$$00000004)
    _main_clock                              0x08000139   Thumb Code     0  entry7b.o(.ARM.Collect$$$$00000008)
    _main_cpp_init                           0x08000139   Thumb Code     0  entry8b.o(.ARM.Collect$$$$0000000A)
    _main_init                               0x08000139   Thumb Code     0  entry9a.o(.ARM.Collect$$$$0000000B)
    __rt_final_cpp                           0x08000141   Thumb Code     0  entry10a.o(.ARM.Collect$$$$0000000D)
    __rt_final_exit                          0x08000141   Thumb Code     0  entry11a.o(.ARM.Collect$$$$0000000F)
    Reset_Handler                            0x08000145   Thumb Code     8  startup_stm32f10x_hd.o(.text)
    ADC1_2_IRQHandler                        0x0800015f   Thumb Code     0  startup_stm32f10x_hd.o(.text)
    ADC3_IRQHandler                          0x0800015f   Thumb Code     0  startup_stm32f10x_hd.o(.text)
    CAN1_RX1_IRQHandler                      0x0800015f   Thumb Code     0  startup_stm32f10x_hd.o(.text)
    CAN1_SCE_IRQHandler                      0x0800015f   Thumb Code     0  startup_stm32f10x_hd.o(.text)
    DMA1_Channel1_IRQHandler                 0x0800015f   Thumb Code     0  startup_stm32f10x_hd.o(.text)
    DMA1_Channel2_IRQHandler                 0x0800015f   Thumb Code     0  startup_stm32f10x_hd.o(.text)
    DMA1_Channel3_IRQHandler                 0x0800015f   Thumb Code     0  startup_stm32f10x_hd.o(.text)
    DMA1_Channel4_IRQHandler                 0x0800015f   Thumb Code     0  startup_stm32f10x_hd.o(.text)
    DMA1_Channel5_IRQHandler                 0x0800015f   Thumb Code     0  startup_stm32f10x_hd.o(.text)
    DMA1_Channel6_IRQHandler                 0x0800015f   Thumb Code     0  startup_stm32f10x_hd.o(.text)
    DMA1_Channel7_IRQHandler                 0x0800015f   Thumb Code     0  startup_stm32f10x_hd.o(.text)
    DMA2_Channel1_IRQHandler                 0x0800015f   Thumb Code     0  startup_stm32f10x_hd.o(.text)
    DMA2_Channel2_IRQHandler                 0x0800015f   Thumb Code     0  startup_stm32f10x_hd.o(.text)
    DMA2_Channel3_IRQHandler                 0x0800015f   Thumb Code     0  startup_stm32f10x_hd.o(.text)
    DMA2_Channel4_5_IRQHandler               0x0800015f   Thumb Code     0  startup_stm32f10x_hd.o(.text)
    EXTI0_IRQHandler                         0x0800015f   Thumb Code     0  startup_stm32f10x_hd.o(.text)
    EXTI15_10_IRQHandler                     0x0800015f   Thumb Code     0  startup_stm32f10x_hd.o(.text)
    EXTI1_IRQHandler                         0x0800015f   Thumb Code     0  startup_stm32f10x_hd.o(.text)
    EXTI2_IRQHandler                         0x0800015f   Thumb Code     0  startup_stm32f10x_hd.o(.text)
    EXTI3_IRQHandler                         0x0800015f   Thumb Code     0  startup_stm32f10x_hd.o(.text)
    EXTI4_IRQHandler                         0x0800015f   Thumb Code     0  startup_stm32f10x_hd.o(.text)
    EXTI9_5_IRQHandler                       0x0800015f   Thumb Code     0  startup_stm32f10x_hd.o(.text)
    FLASH_IRQHandler                         0x0800015f   Thumb Code     0  startup_stm32f10x_hd.o(.text)
    FSMC_IRQHandler                          0x0800015f   Thumb Code     0  startup_stm32f10x_hd.o(.text)
    I2C1_ER_IRQHandler                       0x0800015f   Thumb Code     0  startup_stm32f10x_hd.o(.text)
    I2C1_EV_IRQHandler                       0x0800015f   Thumb Code     0  startup_stm32f10x_hd.o(.text)
    I2C2_ER_IRQHandler                       0x0800015f   Thumb Code     0  startup_stm32f10x_hd.o(.text)
    I2C2_EV_IRQHandler                       0x0800015f   Thumb Code     0  startup_stm32f10x_hd.o(.text)
    PVD_IRQHandler                           0x0800015f   Thumb Code     0  startup_stm32f10x_hd.o(.text)
    RCC_IRQHandler                           0x0800015f   Thumb Code     0  startup_stm32f10x_hd.o(.text)
    RTCAlarm_IRQHandler                      0x0800015f   Thumb Code     0  startup_stm32f10x_hd.o(.text)
    RTC_IRQHandler                           0x0800015f   Thumb Code     0  startup_stm32f10x_hd.o(.text)
    SDIO_IRQHandler                          0x0800015f   Thumb Code     0  startup_stm32f10x_hd.o(.text)
    SPI1_IRQHandler                          0x0800015f   Thumb Code     0  startup_stm32f10x_hd.o(.text)
    SPI2_IRQHandler                          0x0800015f   Thumb Code     0  startup_stm32f10x_hd.o(.text)
    SPI3_IRQHandler                          0x0800015f   Thumb Code     0  startup_stm32f10x_hd.o(.text)
    TAMPER_IRQHandler                        0x0800015f   Thumb Code     0  startup_stm32f10x_hd.o(.text)
    TIM1_BRK_IRQHandler                      0x0800015f   Thumb Code     0  startup_stm32f10x_hd.o(.text)
    TIM1_CC_IRQHandler                       0x0800015f   Thumb Code     0  startup_stm32f10x_hd.o(.text)
    TIM1_TRG_COM_IRQHandler                  0x0800015f   Thumb Code     0  startup_stm32f10x_hd.o(.text)
    TIM1_UP_IRQHandler                       0x0800015f   Thumb Code     0  startup_stm32f10x_hd.o(.text)
    TIM2_IRQHandler                          0x0800015f   Thumb Code     0  startup_stm32f10x_hd.o(.text)
    TIM3_IRQHandler                          0x0800015f   Thumb Code     0  startup_stm32f10x_hd.o(.text)
    TIM4_IRQHandler                          0x0800015f   Thumb Code     0  startup_stm32f10x_hd.o(.text)
    TIM5_IRQHandler                          0x0800015f   Thumb Code     0  startup_stm32f10x_hd.o(.text)
    TIM6_IRQHandler                          0x0800015f   Thumb Code     0  startup_stm32f10x_hd.o(.text)
    TIM7_IRQHandler                          0x0800015f   Thumb Code     0  startup_stm32f10x_hd.o(.text)
    TIM8_BRK_IRQHandler                      0x0800015f   Thumb Code     0  startup_stm32f10x_hd.o(.text)
    TIM8_CC_IRQHandler                       0x0800015f   Thumb Code     0  startup_stm32f10x_hd.o(.text)
    TIM8_TRG_COM_IRQHandler                  0x0800015f   Thumb Code     0  startup_stm32f10x_hd.o(.text)
    TIM8_UP_IRQHandler                       0x0800015f   Thumb Code     0  startup_stm32f10x_hd.o(.text)
    UART4_IRQHandler                         0x0800015f   Thumb Code     0  startup_stm32f10x_hd.o(.text)
    UART5_IRQHandler                         0x0800015f   Thumb Code     0  startup_stm32f10x_hd.o(.text)
    USART1_IRQHandler                        0x0800015f   Thumb Code     0  startup_stm32f10x_hd.o(.text)
    USART2_IRQHandler                        0x0800015f   Thumb Code     0  startup_stm32f10x_hd.o(.text)
    USBWakeUp_IRQHandler                     0x0800015f   Thumb Code     0  startup_stm32f10x_hd.o(.text)
    USB_HP_CAN1_TX_IRQHandler                0x0800015f   Thumb Code     0  startup_stm32f10x_hd.o(.text)
    USB_LP_CAN1_RX0_IRQHandler               0x0800015f   Thumb Code     0  startup_stm32f10x_hd.o(.text)
    WWDG_IRQHandler                          0x0800015f   Thumb Code     0  startup_stm32f10x_hd.o(.text)
    SystemInit                               0x08000247   Thumb Code    78  system_stm32f10x.o(.text)
    SystemCoreClockUpdate                    0x08000295   Thumb Code   142  system_stm32f10x.o(.text)
    NVIC_PriorityGroupConfig                 0x08000349   Thumb Code    10  misc.o(.text)
    NVIC_Init                                0x08000353   Thumb Code   100  misc.o(.text)
    NVIC_SetVectorTable                      0x080003b7   Thumb Code    14  misc.o(.text)
    NVIC_SystemLPConfig                      0x080003c5   Thumb Code    34  misc.o(.text)
    SysTick_CLKSourceConfig                  0x080003e7   Thumb Code    40  misc.o(.text)
    GPIO_DeInit                              0x08000425   Thumb Code   172  stm32f10x_gpio.o(.text)
    GPIO_AFIODeInit                          0x080004d1   Thumb Code    20  stm32f10x_gpio.o(.text)
    GPIO_Init                                0x080004e5   Thumb Code   278  stm32f10x_gpio.o(.text)
    GPIO_StructInit                          0x080005fb   Thumb Code    16  stm32f10x_gpio.o(.text)
    GPIO_ReadInputDataBit                    0x0800060b   Thumb Code    18  stm32f10x_gpio.o(.text)
    GPIO_ReadInputData                       0x0800061d   Thumb Code     8  stm32f10x_gpio.o(.text)
    GPIO_ReadOutputDataBit                   0x08000625   Thumb Code    18  stm32f10x_gpio.o(.text)
    GPIO_ReadOutputData                      0x08000637   Thumb Code     8  stm32f10x_gpio.o(.text)
    GPIO_SetBits                             0x0800063f   Thumb Code     4  stm32f10x_gpio.o(.text)
    GPIO_ResetBits                           0x08000643   Thumb Code     4  stm32f10x_gpio.o(.text)
    GPIO_WriteBit                            0x08000647   Thumb Code    10  stm32f10x_gpio.o(.text)
    GPIO_Write                               0x08000651   Thumb Code     4  stm32f10x_gpio.o(.text)
    GPIO_PinLockConfig                       0x08000655   Thumb Code    18  stm32f10x_gpio.o(.text)
    GPIO_EventOutputConfig                   0x08000667   Thumb Code    26  stm32f10x_gpio.o(.text)
    GPIO_EventOutputCmd                      0x08000681   Thumb Code     6  stm32f10x_gpio.o(.text)
    GPIO_PinRemapConfig                      0x08000687   Thumb Code   138  stm32f10x_gpio.o(.text)
    GPIO_EXTILineConfig                      0x08000711   Thumb Code    66  stm32f10x_gpio.o(.text)
    GPIO_ETH_MediaInterfaceConfig            0x08000753   Thumb Code     8  stm32f10x_gpio.o(.text)
    RCC_DeInit                               0x08000781   Thumb Code    64  stm32f10x_rcc.o(.text)
    RCC_HSEConfig                            0x080007c1   Thumb Code    70  stm32f10x_rcc.o(.text)
    RCC_GetFlagStatus                        0x08000807   Thumb Code    56  stm32f10x_rcc.o(.text)
    RCC_WaitForHSEStartUp                    0x0800083f   Thumb Code    56  stm32f10x_rcc.o(.text)
    RCC_AdjustHSICalibrationValue            0x08000877   Thumb Code    20  stm32f10x_rcc.o(.text)
    RCC_HSICmd                               0x0800088b   Thumb Code     6  stm32f10x_rcc.o(.text)
    RCC_PLLConfig                            0x08000891   Thumb Code    24  stm32f10x_rcc.o(.text)
    RCC_PLLCmd                               0x080008a9   Thumb Code     6  stm32f10x_rcc.o(.text)
    RCC_SYSCLKConfig                         0x080008af   Thumb Code    18  stm32f10x_rcc.o(.text)
    RCC_GetSYSCLKSource                      0x080008c1   Thumb Code    10  stm32f10x_rcc.o(.text)
    RCC_HCLKConfig                           0x080008cb   Thumb Code    18  stm32f10x_rcc.o(.text)
    RCC_PCLK1Config                          0x080008dd   Thumb Code    18  stm32f10x_rcc.o(.text)
    RCC_PCLK2Config                          0x080008ef   Thumb Code    20  stm32f10x_rcc.o(.text)
    RCC_ITConfig                             0x08000903   Thumb Code    26  stm32f10x_rcc.o(.text)
    RCC_USBCLKConfig                         0x0800091d   Thumb Code     8  stm32f10x_rcc.o(.text)
    RCC_ADCCLKConfig                         0x08000925   Thumb Code    18  stm32f10x_rcc.o(.text)
    RCC_LSEConfig                            0x08000937   Thumb Code    50  stm32f10x_rcc.o(.text)
    RCC_LSICmd                               0x08000969   Thumb Code     6  stm32f10x_rcc.o(.text)
    RCC_RTCCLKConfig                         0x0800096f   Thumb Code    12  stm32f10x_rcc.o(.text)
    RCC_RTCCLKCmd                            0x0800097b   Thumb Code     8  stm32f10x_rcc.o(.text)
    RCC_GetClocksFreq                        0x08000983   Thumb Code   192  stm32f10x_rcc.o(.text)
    RCC_AHBPeriphClockCmd                    0x08000a43   Thumb Code    26  stm32f10x_rcc.o(.text)
    RCC_APB2PeriphClockCmd                   0x08000a5d   Thumb Code    26  stm32f10x_rcc.o(.text)
    RCC_APB1PeriphClockCmd                   0x08000a77   Thumb Code    26  stm32f10x_rcc.o(.text)
    RCC_APB2PeriphResetCmd                   0x08000a91   Thumb Code    26  stm32f10x_rcc.o(.text)
    RCC_APB1PeriphResetCmd                   0x08000aab   Thumb Code    26  stm32f10x_rcc.o(.text)
    RCC_BackupResetCmd                       0x08000ac5   Thumb Code     8  stm32f10x_rcc.o(.text)
    RCC_ClockSecuritySystemCmd               0x08000acd   Thumb Code     6  stm32f10x_rcc.o(.text)
    RCC_MCOConfig                            0x08000ad3   Thumb Code     6  stm32f10x_rcc.o(.text)
    RCC_ClearFlag                            0x08000ad9   Thumb Code    14  stm32f10x_rcc.o(.text)
    RCC_GetITStatus                          0x08000ae7   Thumb Code    20  stm32f10x_rcc.o(.text)
    RCC_ClearITPendingBit                    0x08000afb   Thumb Code     6  stm32f10x_rcc.o(.text)
    SPI_I2S_DeInit                           0x08000b25   Thumb Code    76  stm32f10x_spi.o(.text)
    SPI_Init                                 0x08000b71   Thumb Code    60  stm32f10x_spi.o(.text)
    I2S_Init                                 0x08000bad   Thumb Code   226  stm32f10x_spi.o(.text)
    SPI_StructInit                           0x08000c8f   Thumb Code    24  stm32f10x_spi.o(.text)
    I2S_StructInit                           0x08000ca7   Thumb Code    20  stm32f10x_spi.o(.text)
    SPI_Cmd                                  0x08000cbb   Thumb Code    24  stm32f10x_spi.o(.text)
    I2S_Cmd                                  0x08000cd3   Thumb Code    24  stm32f10x_spi.o(.text)
    SPI_I2S_ITConfig                         0x08000ceb   Thumb Code    32  stm32f10x_spi.o(.text)
    SPI_I2S_DMACmd                           0x08000d0b   Thumb Code    18  stm32f10x_spi.o(.text)
    SPI_I2S_SendData                         0x08000d1d   Thumb Code     4  stm32f10x_spi.o(.text)
    SPI_I2S_ReceiveData                      0x08000d21   Thumb Code     6  stm32f10x_spi.o(.text)
    SPI_NSSInternalSoftwareConfig            0x08000d27   Thumb Code    30  stm32f10x_spi.o(.text)
    SPI_SSOutputCmd                          0x08000d45   Thumb Code    24  stm32f10x_spi.o(.text)
    SPI_DataSizeConfig                       0x08000d5d   Thumb Code    18  stm32f10x_spi.o(.text)
    SPI_TransmitCRC                          0x08000d6f   Thumb Code    10  stm32f10x_spi.o(.text)
    SPI_CalculateCRC                         0x08000d79   Thumb Code    24  stm32f10x_spi.o(.text)
    SPI_GetCRC                               0x08000d91   Thumb Code    16  stm32f10x_spi.o(.text)
    SPI_GetCRCPolynomial                     0x08000da1   Thumb Code     6  stm32f10x_spi.o(.text)
    SPI_BiDirectionalLineConfig              0x08000da7   Thumb Code    28  stm32f10x_spi.o(.text)
    SPI_I2S_GetFlagStatus                    0x08000dc3   Thumb Code    18  stm32f10x_spi.o(.text)
    SPI_I2S_ClearFlag                        0x08000dd5   Thumb Code     6  stm32f10x_spi.o(.text)
    SPI_I2S_GetITStatus                      0x08000ddb   Thumb Code    52  stm32f10x_spi.o(.text)
    SPI_I2S_ClearITPendingBit                0x08000e0f   Thumb Code    20  stm32f10x_spi.o(.text)
    USART_DeInit                             0x08000e31   Thumb Code   134  stm32f10x_usart.o(.text)
    USART_Init                               0x08000eb7   Thumb Code   210  stm32f10x_usart.o(.text)
    USART_StructInit                         0x08000f89   Thumb Code    24  stm32f10x_usart.o(.text)
    USART_ClockInit                          0x08000fa1   Thumb Code    34  stm32f10x_usart.o(.text)
    USART_ClockStructInit                    0x08000fc3   Thumb Code    12  stm32f10x_usart.o(.text)
    USART_Cmd                                0x08000fcf   Thumb Code    24  stm32f10x_usart.o(.text)
    USART_ITConfig                           0x08000fe7   Thumb Code    74  stm32f10x_usart.o(.text)
    USART_DMACmd                             0x08001031   Thumb Code    18  stm32f10x_usart.o(.text)
    USART_SetAddress                         0x08001043   Thumb Code    18  stm32f10x_usart.o(.text)
    USART_WakeUpConfig                       0x08001055   Thumb Code    18  stm32f10x_usart.o(.text)
    USART_ReceiverWakeUpCmd                  0x08001067   Thumb Code    24  stm32f10x_usart.o(.text)
    USART_LINBreakDetectLengthConfig         0x0800107f   Thumb Code    18  stm32f10x_usart.o(.text)
    USART_LINCmd                             0x08001091   Thumb Code    24  stm32f10x_usart.o(.text)
    USART_SendData                           0x080010a9   Thumb Code     8  stm32f10x_usart.o(.text)
    USART_ReceiveData                        0x080010b1   Thumb Code    10  stm32f10x_usart.o(.text)
    USART_SendBreak                          0x080010bb   Thumb Code    10  stm32f10x_usart.o(.text)
    USART_SetGuardTime                       0x080010c5   Thumb Code    16  stm32f10x_usart.o(.text)
    USART_SetPrescaler                       0x080010d5   Thumb Code    16  stm32f10x_usart.o(.text)
    USART_SmartCardCmd                       0x080010e5   Thumb Code    24  stm32f10x_usart.o(.text)
    USART_SmartCardNACKCmd                   0x080010fd   Thumb Code    24  stm32f10x_usart.o(.text)
    USART_HalfDuplexCmd                      0x08001115   Thumb Code    24  stm32f10x_usart.o(.text)
    USART_OverSampling8Cmd                   0x0800112d   Thumb Code    22  stm32f10x_usart.o(.text)
    USART_OneBitMethodCmd                    0x08001143   Thumb Code    24  stm32f10x_usart.o(.text)
    USART_IrDAConfig                         0x0800115b   Thumb Code    18  stm32f10x_usart.o(.text)
    USART_IrDACmd                            0x0800116d   Thumb Code    24  stm32f10x_usart.o(.text)
    USART_GetFlagStatus                      0x08001185   Thumb Code    26  stm32f10x_usart.o(.text)
    USART_ClearFlag                          0x0800119f   Thumb Code    18  stm32f10x_usart.o(.text)
    USART_GetITStatus                        0x080011b1   Thumb Code    84  stm32f10x_usart.o(.text)
    USART_ClearITPendingBit                  0x08001205   Thumb Code    52  stm32f10x_usart.o(.text)
    main                                     0x08001239   Thumb Code   102  main.o(.text)
    USART_printf                             0x0800134f   Thumb Code   262  hallcommon.o(.text)
    ESP8266_StaTcpClient_UnvarnishTest       0x08001455   Thumb Code   648  hallwifi.o(.text)
    Elink042_DispChar_EN                     0x080017ed   Thumb Code   132  halldisplay.o(.text)
    Elink042_DispChar_CN                     0x08001871   Thumb Code   114  halldisplay.o(.text)
    Elink042DispChinaString                  0x080018e3   Thumb Code    86  halldisplay.o(.text)
    ELINK042_DispString_EN_CH                0x08001939   Thumb Code   190  halldisplay.o(.text)
    NMI_Handler                              0x08001a79   Thumb Code     2  stm32f10x_it.o(.text)
    HardFault_Handler                        0x08001a7b   Thumb Code     4  stm32f10x_it.o(.text)
    MemManage_Handler                        0x08001a7f   Thumb Code     4  stm32f10x_it.o(.text)
    BusFault_Handler                         0x08001a83   Thumb Code     4  stm32f10x_it.o(.text)
    UsageFault_Handler                       0x08001a87   Thumb Code     4  stm32f10x_it.o(.text)
    SVC_Handler                              0x08001a8b   Thumb Code     2  stm32f10x_it.o(.text)
    DebugMon_Handler                         0x08001a8d   Thumb Code     2  stm32f10x_it.o(.text)
    PendSV_Handler                           0x08001a8f   Thumb Code     2  stm32f10x_it.o(.text)
    SysTick_Handler                          0x08001a91   Thumb Code     8  stm32f10x_it.o(.text)
    USART3_IRQHandler                        0x08001a99   Thumb Code   114  stm32f10x_it.o(.text)
    Beep_Init                                0x08001b3b   Thumb Code    16  bsp_beep.o(.text)
    ESP8266_Init                             0x08001c4d   Thumb Code    32  bsp_esp8266.o(.text)
    ESP8266_Rst                              0x08001c6d   Thumb Code    30  bsp_esp8266.o(.text)
    ESP8266_Cmd                              0x08001c8b   Thumb Code   170  bsp_esp8266.o(.text)
    ESP8266_AT_Test                          0x08001d35   Thumb Code    56  bsp_esp8266.o(.text)
    ESP8266_Net_Mode_Choose                  0x08001d6d   Thumb Code    68  bsp_esp8266.o(.text)
    ESP8266_JoinAP                           0x08001db1   Thumb Code    38  bsp_esp8266.o(.text)
    ESP8266_BuildAP                          0x08001dd7   Thumb Code    42  bsp_esp8266.o(.text)
    ESP8266_Enable_MultipleId                0x08001e01   Thumb Code    42  bsp_esp8266.o(.text)
    ESP8266_Link_Server                      0x08001e2b   Thumb Code   110  bsp_esp8266.o(.text)
    ESP8266_StartOrShutServer                0x08001e99   Thumb Code   104  bsp_esp8266.o(.text)
    ESP8266_Get_LinkStatus                   0x08001f01   Thumb Code    64  bsp_esp8266.o(.text)
    ESP8266_Get_IdLinkStatus                 0x08001f41   Thumb Code   488  bsp_esp8266.o(.text)
    ESP8266_Inquire_ApIp                     0x08002129   Thumb Code    80  bsp_esp8266.o(.text)
    ESP8266_UnvarnishSend                    0x08002179   Thumb Code    42  bsp_esp8266.o(.text)
    ESP8266_ExitUnvarnishSend                0x080021a3   Thumb Code    24  bsp_esp8266.o(.text)
    ESP8266_SendString                       0x080021bb   Thumb Code   114  bsp_esp8266.o(.text)
    ESP8266_ReceiveString                    0x0800222d   Thumb Code    88  bsp_esp8266.o(.text)
    ESP8266_CWLIF                            0x08002285   Thumb Code    86  bsp_esp8266.o(.text)
    ESP8266_CIPAP                            0x080022db   Thumb Code    44  bsp_esp8266.o(.text)
    DHT11_Init                               0x0800240b   Thumb Code    16  bsp_dht11.o(.text)
    DHT11_Read_TempAndHumidity               0x080024ab   Thumb Code   156  bsp_dht11.o(.text)
    LED_Init                                 0x0800259f   Thumb Code    32  bsp_led.o(.text)
    SysTick_Init                             0x080025c5   Thumb Code   106  bsp_systick.o(.text)
    Delay_us                                 0x0800262f   Thumb Code    36  bsp_systick.o(.text)
    TimingDelay_Decrement                    0x08002653   Thumb Code    18  bsp_systick.o(.text)
    USARTx_Config                            0x08002679   Thumb Code   120  bsp_usart1.o(.text)
    fputc                                    0x080026f1   Thumb Code    32  bsp_usart1.o(.text)
    fgetc                                    0x08002711   Thumb Code    26  bsp_usart1.o(.text)
    elink_spi_gpio_config                    0x08002735   Thumb Code   146  bsp_spi.o(.text)
    SPI4W_WRITECOM                           0x080027c7   Thumb Code   134  bsp_spi.o(.text)
    SPI4W_WRITEDATA                          0x0800284d   Thumb Code   134  bsp_spi.o(.text)
    elink_gpio_config                        0x080028dd   Thumb Code   112  bsp_elink.o(.text)
    elink_epd_w21_reset                      0x0800294d   Thumb Code    46  bsp_elink.o(.text)
    elink_check_busy_status                  0x0800297b   Thumb Code    42  bsp_elink.o(.text)
    elink_booster_soft_start                 0x080029a5   Thumb Code    28  bsp_elink.o(.text)
    elink_soft_panel_set                     0x080029c1   Thumb Code    22  bsp_elink.o(.text)
    elink_soft_vcom_set                      0x080029d7   Thumb Code    16  bsp_elink.o(.text)
    elink_soft_disp_refresh                  0x080029e7   Thumb Code    10  bsp_elink.o(.text)
    elink_soft_power_switch                  0x080029f1   Thumb Code    22  bsp_elink.o(.text)
    elink_soft_deep_sleep                    0x08002a07   Thumb Code    16  bsp_elink.o(.text)
    display_white                            0x08002a17   Thumb Code    62  bsp_elink.o(.text)
    elink_framebuffer_display                0x08002a55   Thumb Code    96  bsp_elink.o(.text)
    lut                                      0x08002ab5   Thumb Code   124  bsp_elink.o(.text)
    lut1                                     0x08002b31   Thumb Code   124  bsp_elink.o(.text)
    elink_display_init                       0x08002bad   Thumb Code   228  bsp_elink.o(.text)
    partial_display                          0x08002c91   Thumb Code   558  bsp_elink.o(.text)
    SPI_FLASH_SendByte                       0x08002f61   Thumb Code   106  fatfs_flash_spi.o(.text)
    SPI_FLASH_ReadID                         0x08002fcb   Thumb Code    74  fatfs_flash_spi.o(.text)
    FLASH_SPI_initialize                     0x08003015   Thumb Code   196  fatfs_flash_spi.o(.text)
    SPI_FLASH_WaitForWriteEnd                0x080030d9   Thumb Code    74  fatfs_flash_spi.o(.text)
    SPI_FLASH_WriteEnable                    0x08003123   Thumb Code    26  fatfs_flash_spi.o(.text)
    SPI_FLASH_SectorErase                    0x0800313d   Thumb Code    62  fatfs_flash_spi.o(.text)
    SPI_FLASH_BulkErase                      0x0800317b   Thumb Code    34  fatfs_flash_spi.o(.text)
    SPI_FLASH_PageWrite                      0x0800319d   Thumb Code    92  fatfs_flash_spi.o(.text)
    SPI_FLASH_BufferWrite                    0x080031f9   Thumb Code   290  fatfs_flash_spi.o(.text)
    SPI_FLASH_BufferRead                     0x0800331b   Thumb Code   134  fatfs_flash_spi.o(.text)
    SPI_FLASH_ReadDeviceID                   0x080033a1   Thumb Code    56  fatfs_flash_spi.o(.text)
    SPI_FLASH_StartReadSequence              0x080033d9   Thumb Code    42  fatfs_flash_spi.o(.text)
    SPI_FLASH_ReadByte                       0x08003403   Thumb Code    10  fatfs_flash_spi.o(.text)
    SPI_FLASH_SendHalfWord                   0x0800340d   Thumb Code   100  fatfs_flash_spi.o(.text)
    SPI_Flash_PowerDown                      0x08003471   Thumb Code    26  fatfs_flash_spi.o(.text)
    SPI_Flash_WAKEUP                         0x0800348b   Thumb Code    26  fatfs_flash_spi.o(.text)
    GetGBKCode_from_EXFlash                  0x080034a5   Thumb Code    56  fatfs_flash_spi.o(.text)
    __aeabi_memcpy                           0x080034e9   Thumb Code    36  memcpya.o(.text)
    __aeabi_memcpy4                          0x080034e9   Thumb Code     0  memcpya.o(.text)
    __aeabi_memcpy8                          0x080034e9   Thumb Code     0  memcpya.o(.text)
    __aeabi_memset                           0x0800350d   Thumb Code    14  memseta.o(.text)
    __aeabi_memset4                          0x0800350d   Thumb Code     0  memseta.o(.text)
    __aeabi_memset8                          0x0800350d   Thumb Code     0  memseta.o(.text)
    __aeabi_memclr                           0x0800351b   Thumb Code     4  memseta.o(.text)
    __aeabi_memclr4                          0x0800351b   Thumb Code     0  memseta.o(.text)
    __aeabi_memclr8                          0x0800351b   Thumb Code     0  memseta.o(.text)
    _memset$wrapper                          0x0800351f   Thumb Code    18  memseta.o(.text)
    strstr                                   0x08003531   Thumb Code    36  strstr.o(.text)
    strlen                                   0x08003555   Thumb Code    14  strlen.o(.text)
    __aeabi_uldivmod                         0x08003563   Thumb Code    98  uldiv.o(.text)
    __scatterload                            0x080035c5   Thumb Code    28  init.o(.text)
    __scatterload_rt2                        0x080035c5   Thumb Code     0  init.o(.text)
    __aeabi_llsl                             0x080035e9   Thumb Code    30  llshl.o(.text)
    _ll_shift_l                              0x080035e9   Thumb Code     0  llshl.o(.text)
    __aeabi_llsr                             0x08003607   Thumb Code    32  llushr.o(.text)
    _ll_ushift_r                             0x08003607   Thumb Code     0  llushr.o(.text)
    __0printf$4                              0x08003629   Thumb Code    22  printf4.o(i.__0printf$4)
    __1printf$4                              0x08003629   Thumb Code     0  printf4.o(i.__0printf$4)
    __2printf                                0x08003629   Thumb Code     0  printf4.o(i.__0printf$4)
    __0sprintf$4                             0x08003649   Thumb Code    34  printf4.o(i.__0sprintf$4)
    __1sprintf$4                             0x08003649   Thumb Code     0  printf4.o(i.__0sprintf$4)
    __2sprintf                               0x08003649   Thumb Code     0  printf4.o(i.__0sprintf$4)
    __scatterload_copy                       0x08003671   Thumb Code    14  handlers.o(i.__scatterload_copy)
    __scatterload_null                       0x0800367f   Thumb Code     2  handlers.o(i.__scatterload_null)
    __scatterload_zeroinit                   0x08003681   Thumb Code    14  handlers.o(i.__scatterload_zeroinit)
    ucAscii_1608                             0x080038e9   Data        1520  halldisplay.o(.constdata)
    G_Ultrachip1                             0x08003f12   Data       15000  bsp_elink.o(.constdata)
    G_Ultrachip2                             0x080079aa   Data       14992  bsp_elink.o(.constdata)
    gImage_pic001                            0x0800b43a   Data       15000  bsp_elink.o(.constdata)
    gWord_data001                            0x0800eed2   Data       14450  bsp_elink.o(.constdata)
    lut_vcomDC                               0x08012744   Data          44  bsp_elink.o(.constdata)
    lut_ww                                   0x08012770   Data          42  bsp_elink.o(.constdata)
    lut_bw                                   0x0801279a   Data          42  bsp_elink.o(.constdata)
    lut_wb                                   0x080127c4   Data          42  bsp_elink.o(.constdata)
    lut_bb                                   0x080127ee   Data          42  bsp_elink.o(.constdata)
    lut_vcom1                                0x08012818   Data          44  bsp_elink.o(.constdata)
    lut_ww1                                  0x08012844   Data          42  bsp_elink.o(.constdata)
    lut_bw1                                  0x0801286e   Data          42  bsp_elink.o(.constdata)
    lut_wb1                                  0x08012898   Data          42  bsp_elink.o(.constdata)
    lut_bb1                                  0x080128c2   Data          42  bsp_elink.o(.constdata)
    Region$$Table$$Base                      0x080129e8   Number         0  anon$$obj.o(Region$$Table)
    Region$$Table$$Limit                     0x08012a08   Number         0  anon$$obj.o(Region$$Table)
    SystemCoreClock                          0x20000000   Data           4  system_stm32f10x.o(.data)
    AHBPrescTable                            0x20000004   Data          16  system_stm32f10x.o(.data)
    __stdout                                 0x20000030   Data           4  stdout.o(.data)
    OldBufferCN                              0x20000034   Data          32  halldisplay.o(.bss)
    OldBufferEN                              0x20000054   Data          16  halldisplay.o(.bss)
    strEsp8266_Fram_Record                   0x20000064   Data        1026  bsp_esp8266.o(.bss)
    __initial_sp                             0x20000868   Data           0  startup_stm32f10x_hd.o(STACK)



==============================================================================

Memory Map of the image

  Image Entry point : 0x08000131

  Load Region LR_IROM1 (Base: 0x08000000, Size: 0x00012a3c, Max: 0x00080000, ABSOLUTE)

    Execution Region ER_IROM1 (Exec base: 0x08000000, Load base: 0x08000000, Size: 0x00012a08, Max: 0x00080000, ABSOLUTE)

    Exec Addr    Load Addr    Size         Type   Attr      Idx    E Section Name        Object

    0x08000000   0x08000000   0x00000130   Data   RO            3    RESET               startup_stm32f10x_hd.o
    0x08000130   0x08000130   0x00000000   Code   RO          687  * .ARM.Collect$$$$00000000  mc_w.l(entry.o)
    0x08000130   0x08000130   0x00000004   Code   RO          961    .ARM.Collect$$$$00000001  mc_w.l(entry2.o)
    0x08000134   0x08000134   0x00000004   Code   RO          964    .ARM.Collect$$$$00000004  mc_w.l(entry5.o)
    0x08000138   0x08000138   0x00000000   Code   RO          966    .ARM.Collect$$$$00000008  mc_w.l(entry7b.o)
    0x08000138   0x08000138   0x00000000   Code   RO          968    .ARM.Collect$$$$0000000A  mc_w.l(entry8b.o)
    0x08000138   0x08000138   0x00000008   Code   RO          969    .ARM.Collect$$$$0000000B  mc_w.l(entry9a.o)
    0x08000140   0x08000140   0x00000000   Code   RO          971    .ARM.Collect$$$$0000000D  mc_w.l(entry10a.o)
    0x08000140   0x08000140   0x00000000   Code   RO          973    .ARM.Collect$$$$0000000F  mc_w.l(entry11a.o)
    0x08000140   0x08000140   0x00000004   Code   RO          962    .ARM.Collect$$$$00002712  mc_w.l(entry2.o)
    0x08000144   0x08000144   0x00000024   Code   RO            4    .text               startup_stm32f10x_hd.o
    0x08000168   0x08000168   0x000001e0   Code   RO           24    .text               system_stm32f10x.o
    0x08000348   0x08000348   0x000000dc   Code   RO           73    .text               misc.o
    0x08000424   0x08000424   0x0000035c   Code   RO          251    .text               stm32f10x_gpio.o
    0x08000780   0x08000780   0x000003a4   Code   RO          308    .text               stm32f10x_rcc.o
    0x08000b24   0x08000b24   0x0000030c   Code   RO          352    .text               stm32f10x_spi.o
    0x08000e30   0x08000e30   0x00000408   Code   RO          376    .text               stm32f10x_usart.o
    0x08001238   0x08001238   0x000000b4   Code   RO          403    .text               main.o
    0x080012ec   0x080012ec   0x00000168   Code   RO          471    .text               hallcommon.o
    0x08001454   0x08001454   0x00000398   Code   RO          490    .text               hallwifi.o
    0x080017ec   0x080017ec   0x0000028c   Code   RO          504    .text               halldisplay.o
    0x08001a78   0x08001a78   0x0000009c   Code   RO          523    .text               stm32f10x_it.o
    0x08001b14   0x08001b14   0x0000003c   Code   RO          538    .text               bsp_beep.o
    0x08001b50   0x08001b50   0x00000894   Code   RO          550    .text               bsp_esp8266.o
    0x080023e4   0x080023e4   0x00000168   Code   RO          569    .text               bsp_dht11.o
    0x0800254c   0x0800254c   0x00000078   Code   RO          596    .text               bsp_led.o
    0x080025c4   0x080025c4   0x000000b4   Code   RO          608    .text               bsp_systick.o
    0x08002678   0x08002678   0x000000bc   Code   RO          626    .text               bsp_usart1.o
    0x08002734   0x08002734   0x000001a8   Code   RO          642    .text               bsp_spi.o
    0x080028dc   0x080028dc   0x00000678   Code   RO          654    .text               bsp_elink.o
    0x08002f54   0x08002f54   0x00000594   Code   RO          672    .text               fatfs_flash_spi.o
    0x080034e8   0x080034e8   0x00000024   Code   RO          690    .text               mc_w.l(memcpya.o)
    0x0800350c   0x0800350c   0x00000024   Code   RO          692    .text               mc_w.l(memseta.o)
    0x08003530   0x08003530   0x00000024   Code   RO          694    .text               mc_w.l(strstr.o)
    0x08003554   0x08003554   0x0000000e   Code   RO          696    .text               mc_w.l(strlen.o)
    0x08003562   0x08003562   0x00000062   Code   RO          978    .text               mc_w.l(uldiv.o)
    0x080035c4   0x080035c4   0x00000024   Code   RO          991    .text               mc_w.l(init.o)
    0x080035e8   0x080035e8   0x0000001e   Code   RO          993    .text               mc_w.l(llshl.o)
    0x08003606   0x08003606   0x00000020   Code   RO          995    .text               mc_w.l(llushr.o)
    0x08003626   0x08003626   0x00000002   PAD
    0x08003628   0x08003628   0x00000020   Code   RO          811    i.__0printf$4       mc_w.l(printf4.o)
    0x08003648   0x08003648   0x00000028   Code   RO          813    i.__0sprintf$4      mc_w.l(printf4.o)
    0x08003670   0x08003670   0x0000000e   Code   RO         1003    i.__scatterload_copy  mc_w.l(handlers.o)
    0x0800367e   0x0800367e   0x00000002   Code   RO         1004    i.__scatterload_null  mc_w.l(handlers.o)
    0x08003680   0x08003680   0x0000000e   Code   RO         1005    i.__scatterload_zeroinit  mc_w.l(handlers.o)
    0x0800368e   0x0800368e   0x00000002   PAD
    0x08003690   0x08003690   0x0000022c   Code   RO          818    i._printf_core      mc_w.l(printf4.o)
    0x080038bc   0x080038bc   0x0000000a   Code   RO          820    i._sputc            mc_w.l(printf4.o)
    0x080038c6   0x080038c6   0x00000023   Data   RO          491    .constdata          hallwifi.o
    0x080038e9   0x080038e9   0x0000060a   Data   RO          506    .constdata          halldisplay.o
    0x08003ef3   0x08003ef3   0x0000001f   Data   RO          552    .constdata          bsp_esp8266.o
    0x08003f12   0x08003f12   0x0000ea17   Data   RO          655    .constdata          bsp_elink.o
    0x08012929   0x08012929   0x00000003   PAD
    0x0801292c   0x0801292c   0x000000bb   Data   RO          492    .conststring        hallwifi.o
    0x080129e7   0x080129e7   0x00000001   PAD
    0x080129e8   0x080129e8   0x00000020   Data   RO         1001    Region$$Table       anon$$obj.o


    Execution Region RW_IRAM1 (Exec base: 0x20000000, Load base: 0x08012a08, Size: 0x00000868, Max: 0x00010000, ABSOLUTE)

    Exec Addr    Load Addr    Size         Type   Attr      Idx    E Section Name        Object

    0x20000000   0x08012a08   0x00000014   Data   RW           25    .data               system_stm32f10x.o
    0x20000014   0x08012a1c   0x00000014   Data   RW          309    .data               stm32f10x_rcc.o
    0x20000028   0x08012a30   0x00000004   Data   RW          609    .data               bsp_systick.o
    0x2000002c   0x08012a34   0x00000004   Data   RW          674    .data               fatfs_flash_spi.o
    0x20000030   0x08012a38   0x00000004   Data   RW          975    .data               mc_w.l(stdout.o)
    0x20000034        -       0x00000030   Zero   RW          505    .bss                halldisplay.o
    0x20000064        -       0x00000402   Zero   RW          551    .bss                bsp_esp8266.o
    0x20000466   0x08012a3c   0x00000002   PAD
    0x20000468        -       0x00000400   Zero   RW            1    STACK               startup_stm32f10x_hd.o


==============================================================================

Image component sizes


      Code (inc. data)   RO Data    RW Data    ZI Data      Debug   Object Name

        60          6          0          0          0        628   bsp_beep.o
       360          6          0          0          0       2788   bsp_dht11.o
      1656        518      59927          0          0       5625   bsp_elink.o
      2196        580         31          0       1026       9537   bsp_esp8266.o
       120          6          0          0          0        655   bsp_led.o
       424         10          0          0          0       1187   bsp_spi.o
       180         20          0          4          0      16805   bsp_systick.o
       188         10          0          0          0       2304   bsp_usart1.o
         0          0          0          0          0       4532   core_cm3.o
      1428         70          0          4          0       5782   fatfs_flash_spi.o
       360          0          0          0          0       2347   hallcommon.o
       652        130       1546          0         48       3657   halldisplay.o
       920        272        222          0          0       1261   hallwifi.o
       180         78          0          0          0       1463   main.o
       220         22          0          0          0       1861   misc.o
        36          8        304          0       1024        884   startup_stm32f10x_hd.o
       860         38          0          0          0       5789   stm32f10x_gpio.o
       156         10          0          0          0       1516   stm32f10x_it.o
       932         36          0         20          0       8988   stm32f10x_rcc.o
       780         14          0          0          0       6674   stm32f10x_spi.o
      1032         22          0          0          0       8516   stm32f10x_usart.o
       480         38          0         20          0     237047   system_stm32f10x.o

    ----------------------------------------------------------------------
     13220       1894      62066         48       2100     329846   Object Totals
         0          0         32          0          0          0   (incl. Generated)
         0          0          4          0          2          0   (incl. Padding)

    ----------------------------------------------------------------------

      Code (inc. data)   RO Data    RW Data    ZI Data      Debug   Library Member Name

         0          0          0          0          0          0   entry.o
         0          0          0          0          0          0   entry10a.o
         0          0          0          0          0          0   entry11a.o
         8          4          0          0          0          0   entry2.o
         4          0          0          0          0          0   entry5.o
         0          0          0          0          0          0   entry7b.o
         0          0          0          0          0          0   entry8b.o
         8          4          0          0          0          0   entry9a.o
        30          0          0          0          0          0   handlers.o
        36          8          0          0          0         68   init.o
        30          0          0          0          0         68   llshl.o
        32          0          0          0          0         68   llushr.o
        36          0          0          0          0         68   memcpya.o
        36          0          0          0          0        108   memseta.o
       638         20          0          0          0        336   printf4.o
         0          0          0          4          0          0   stdout.o
        14          0          0          0          0         68   strlen.o
        36          0          0          0          0         80   strstr.o
        98          0          0          0          0         92   uldiv.o

    ----------------------------------------------------------------------
      1010         36          0          4          0        956   Library Totals
         4          0          0          0          0          0   (incl. Padding)

    ----------------------------------------------------------------------

      Code (inc. data)   RO Data    RW Data    ZI Data      Debug   Library Name

      1006         36          0          4          0        956   mc_w.l

    ----------------------------------------------------------------------
      1010         36          0          4          0        956   Library Totals

    ----------------------------------------------------------------------

==============================================================================


      Code (inc. data)   RO Data    RW Data    ZI Data      Debug   

     14230       1930      62066         52       2100     329082   Grand Totals
     14230       1930      62066         52       2100     329082   ELF Image Totals
     14230       1930      62066         52          0          0   ROM Totals

==============================================================================

    Total RO  Size (Code + RO Data)                76296 (  74.51kB)
    Total RW  Size (RW Data + ZI Data)              2152 (   2.10kB)
    Total ROM Size (Code + RO Data + RW Data)      76348 (  74.56kB)

==============================================================================

